[101/1752] CA68634K1066 -> NO_CONTRACT
[102/1752] CA6870801017 -> NO_QUOTES  rows=0 selected=
[103/1752] CA70137W1086 -> NO_CONTRACT
[104/1752] CA74641T1066 -> NO_CONTRACT
[105/1752] CA7566782073 -> NO_CONTRACT
[106/1752] CA75671E1097 -> NO_CONTRACT
[107/1752] CA78165J1057 -> NO_CONTRACT
[108/1752] CA7857133069 -> NO_CONTRACT
[109/1752] CA8193201024 -> NO_QUOTES  rows=0 selected=
[110/1752] CA83307B1013 -> NO_QUOTES  rows=0 selected=
[111/1752] CA83423L1085 -> NO_CONTRACT
[112/1752] CA84761T8692 -> NO_CONTRACT
[113/1752] CA85511Y1088 -> NO_QUOTES  rows=0 selected=
[114/1752] CA86084H4070 -> NO_QUOTES  rows=0 selected=
[115/1752] CA88605U1075 -> NO_CONTRACT
[116/1752] CA88688R1047 -> NO_CONTRACT
[117/1752] CA89624B5009 -> NO_CONTRACT
[118/1752] CA9013191031 -> NO_QUOTES  rows=0 selected=
[119/1752] CA98144X2077 -> NO_CONTRACT
[120/1752] CH0322161768 -> NO_QUOTES  rows=0 selected=
[121/1752] CH1135202088 -> NO_QUOTES  rows=0 selected=
[122/1752] CH1327686056 -> NO_QUOTES  rows=0 selected=
[123/1752] CH1396389921 -> HISTORICAL_OK SMART rows=92 selected=
[124/1752] CNE1000000W4 -> NO_CONTRACT
[125/1752] CNE1000000Y0 -> NO_CONTRACT
[126/1752] CNE1000001B6 -> NO_CONTRACT
[127/1752] CNE100000262 -> NO_CONTRACT
[128/1752] CNE1000002Z3 -> HISTORICAL_OK SMART rows=90 selected=
[129/1752] CNE1000003B2 -> NO_CONTRACT
[130/1752] CNE1000003P2 -> NO_CONTRACT
[131/1752] CNE1000003Q0 -> NO_CONTRACT
[132/1752] CNE1000003V0 -> NO_CONTRACT
[133/1752] CNE100000494 -> NO_CONTRACT
[134/1752] CNE1000004B0 -> NO_CONTRACT
[135/1752] CNE1000004W6 -> NO_CONTRACT
[136/1752] CNE100000551 -> NO_CONTRACT
[137/1752] CNE1000009W5 -> NO_CONTRACT
[138/1752] CNE100000BK2 -> NO_CONTRACT
[139/1752] CNE100000FF3 -> NO_CONTRACT
[140/1752] CNE100000H44 -> NO_CONTRACT
[141/1752] CNE100001F78 -> NO_CONTRACT
[142/1752] CNE100001MK7 -> NO_CONTRACT
[143/1752] CNE100001NN9 -> NO_CONTRACT
[144/1752] CNE100001NT6 -> NO_CONTRACT
[145/1752] CNE100001QR3 -> NO_CONTRACT
[146/1752] CNE100001QV5 -> NO_CONTRACT
[147/1752] CNE100001SH0 -> NO_CONTRACT
[148/1752] CNE100001SQ1 -> NO_CONTRACT
[149/1752] CNE100001SR9 -> NO_CONTRACT
[150/1752] CNE100001SS7 -> NO_CONTRACT
[151/1752] CNE100001TK2 -> NO_CONTRACT
[152/1752] CNE100001TQ9 -> NO_CONTRACT
[153/1752] CNE100001W69 -> NO_CONTRACT
[154/1752] CNE100001YQ9 -> NO_CONTRACT
[155/1752] CNE100001ZS2 -> NO_CONTRACT
[156/1752] CNE100002003 -> NO_CONTRACT
[157/1752] CNE100002391 -> NO_CONTRACT
[158/1752] CNE1000023C8 -> NO_CONTRACT
[159/1752] CNE100002623 -> NO_CONTRACT
[160/1752] CNE1000027C9 -> NO_CONTRACT
[161/1752] CNE1000027F2 -> NO_CONTRACT
[162/1752] CNE1000029M4 -> NO_CONTRACT
[163/1752] CNE100002B30 -> NO_CONTRACT
[164/1752] CNE100002B48 -> NO_CONTRACT
[165/1752] CNE100002B55 -> NO_CONTRACT
[166/1752] CNE100002B89 -> NO_CONTRACT
[167/1752] CNE100003FC4 -> NO_CONTRACT
[168/1752] CNE100003FF7 -> NO_CONTRACT
[169/1752] CNE100003K53 -> NO_CONTRACT
[170/1752] CNE100003K61 -> NO_CONTRACT
[171/1752] CNE100003NN5 -> NO_CONTRACT
[172/1752] CNE100004Z06 -> NO_CONTRACT
[173/1752] CNE100005WS0 -> NO_CONTRACT
[174/1752] CNE100006M58 -> HISTORICAL_OK SMART rows=90 selected=
[175/1752] CNE100007KL6 -> NO_CONTRACT
[176/1752] CY0109232112 -> NO_CONTRACT
[177/1752] CY0200751713 -> NO_QUOTES  rows=0 selected=
[178/1752] CZ0008040318 -> NO_CONTRACT
[179/1752] DE0005009740 -> NO_CONTRACT
[180/1752] DE0005019038 -> NO_CONTRACT
[181/1752] DE0005118806 -> NO_CONTRACT
[182/1752] DE0005647937 -> NO_CONTRACT
[183/1752] DE0005785604 -> NO_CONTRACT
[184/1752] DE0006614001 -> NO_CONTRACT
[185/1752] DE0006614035 -> NO_CONTRACT
[186/1752] DE0006902000 -> NO_CONTRACT
[187/1752] DE0006925001 -> NO_CONTRACT
[188/1752] DE0007016008 -> NO_CONTRACT
[189/1752] DE0007218901 -> NO_CONTRACT
[190/1752] DE0007224008 -> NO_CONTRACT
[191/1752] DE0007269003 -> NO_CONTRACT
[192/1752] DE0007454209 -> NO_CONTRACT
[193/1752] DE0007600108 -> NO_CONTRACT
[194/1752] DE0007786303 -> NO_CONTRACT
[195/1752] DE0008009564 -> NO_CONTRACT
[196/1752] DE0008103102 -> NO_CONTRACT
[197/1752] DE000A0AFGF3 -> NO_CONTRACT
[198/1752] DE000A0HMWM7 -> NO_CONTRACT
[199/1752] DE000A0JQ5U3 -> NO_CONTRACT
[200/1752] DE000A0KFKH0 -> NO_CONTRACT
[201/1752] DE000A0MW975 -> NO_CONTRACT
[202/1752] DE000A0WMPN8 -> NO_CONTRACT
[203/1752] DE000A11QU11 -> NO_CONTRACT
[204/1752] DE000A161Z44 -> NO_CONTRACT
[205/1752] DE000A1EMG56 -> NO_CONTRACT
[206/1752] DE000A1K03W5 -> NO_CONTRACT
[207/1752] DE000A1R1C81 -> NO_CONTRACT
[208/1752] DE000A1X3WF3 -> NO_CONTRACT
[209/1752] DE000A2DA406 -> NO_CONTRACT
[210/1752] DE000A2G9M17 -> NO_CONTRACT
[211/1752] DE000A2LQ728 -> NO_CONTRACT
[212/1752] DE000A2QDNX9 -> NO_CONTRACT
[213/1752] DE000A2YN777 -> HISTORICAL_OK SMART rows=55 selected=
[214/1752] DE000A37FUH9 -> NO_CONTRACT
[215/1752] DE000A3CMGM5 -> NO_CONTRACT
[216/1752] DE000A3E5ES0 -> NO_CONTRACT
[217/1752] DE000A3EX2P3 -> NO_CONTRACT
[218/1752] DE000A4096F0 -> NO_CONTRACT
[219/1752] DE000A40UTN2 -> NO_CONTRACT
[220/1752] DE000A40ZVV0 -> HISTORICAL_OK SMART rows=90 selected=
[221/1752] DE000A40ZW05 -> NO_CONTRACT
[222/1752] DE000A41YEG8 -> NO_CONTRACT
[223/1752] DE000A4AER62 -> HISTORICAL_OK SMART rows=90 selected=
[224/1752] DE000BEAU1Y4 -> HISTORICAL_OK SMART rows=90 selected=
[225/1752] DE000ETFL375 -> HISTORICAL_OK SMART rows=87 selected=
[226/1752] DE000HNC2059 -> NO_CONTRACT
[227/1752] DE000RYSE888 -> NO_CONTRACT
[228/1752] DE000SPG1003 -> HISTORICAL_OK SMART rows=90 selected=
[229/1752] DE000TKMS001 -> HISTORICAL_OK SMART rows=90 selected=
[230/1752] DE000ZDWT018 -> NO_CONTRACT
[231/1752] DK0060477263 -> NO_CONTRACT
[232/1752] DK0060816148 -> NO_QUOTES  rows=0 selected=
[233/1752] DK0060907293 -> NO_CONTRACT
[234/1752] DK0061026119 -> NO_CONTRACT
[235/1752] DK0061078425 -> NO_QUOTES  rows=0 selected=
[236/1752] DK0061123312 -> NO_QUOTES  rows=0 selected=
[237/1752] DK0061411964 -> NO_CONTRACT
[238/1752] DK0061417730 -> NO_QUOTES  rows=0 selected=
[239/1752] DK0061536828 -> NO_QUOTES  rows=0 selected=
[240/1752] DK0061540770 -> NO_QUOTES  rows=0 selected=
[241/1752] DK0061555109 -> NO_CONTRACT
[242/1752] DK0061675006 -> NO_QUOTES  rows=0 selected=
[243/1752] DK0061675279 -> NO_QUOTES  rows=0 selected=
[244/1752] DK0061805660 -> NO_QUOTES  rows=0 selected=
[245/1752] DK0064532444 -> NO_QUOTES  rows=0 selected=
[246/1752] EE3100004250 -> NO_CONTRACT
[247/1752] EE3100004466 -> NO_CONTRACT
[248/1752] EE3100006040 -> NO_CONTRACT
[249/1752] EE3100016965 -> NO_CONTRACT
[250/1752] EE3100026436 -> NO_CONTRACT
[251/1752] EE3100034653 -> NO_CONTRACT
[252/1752] EE3100098328 -> NO_CONTRACT
[253/1752] ES0105195004 -> NO_QUOTES  rows=0 selected=
[254/1752] ES0105376059 -> HISTORICAL_OK SMART rows=73 selected=
[255/1752] ES0105405007 -> NO_QUOTES  rows=0 selected=
[256/1752] ES0105748000 -> NO_QUOTES  rows=0 selected=
[257/1752] ES0105751004 -> NO_QUOTES  rows=0 selected=
[258/1752] ES0105853008 -> NO_QUOTES  rows=0 selected=
[259/1752] ES0105857033 -> NO_QUOTES  rows=0 selected=
[260/1752] ES0137998A12 -> NO_QUOTES  rows=0 selected=
[261/1752] FI0009000665 -> NO_QUOTES  rows=0 selected=
[262/1752] FI0009000681 -> NO_QUOTES  rows=0 selected=
[263/1752] FI0009002422 -> NO_QUOTES  rows=0 selected=
[264/1752] FI0009002943 -> NO_QUOTES  rows=0 selected=
[265/1752] FI0009004741 -> NO_CONTRACT
[266/1752] FI0009004824 -> NO_QUOTES  rows=0 selected=
[267/1752] FI0009005870 -> NO_QUOTES  rows=0 selected=
[268/1752] FI0009005961 -> NO_QUOTES  rows=0 selected=
[269/1752] FI0009005987 -> NO_QUOTES  rows=0 selected=
[270/1752] FI0009007132 -> NO_QUOTES  rows=0 selected=
[271/1752] FI0009007264 -> NO_QUOTES  rows=0 selected=
[272/1752] FI0009007355 -> NO_CONTRACT
[273/1752] FI0009007611 -> NO_QUOTES  rows=0 selected=
[274/1752] FI0009007637 -> NO_CONTRACT
[275/1752] FI0009007728 -> NO_CONTRACT
[276/1752] FI0009007884 -> NO_QUOTES  rows=0 selected=
[277/1752] FI0009007991 -> NO_CONTRACT
[278/1752] FI0009008650 -> NO_CONTRACT
[279/1752] FI0009008924 -> NO_CONTRACT
[280/1752] FI0009010862 -> NO_CONTRACT
[281/1752] FI0009010912 -> NO_QUOTES  rows=0 selected=
[282/1752] FI0009013296 -> NO_QUOTES  rows=0 selected=
[283/1752] FI0009014377 -> NO_QUOTES  rows=0 selected=
[284/1752] FI0009014575 -> NO_QUOTES  rows=0 selected=
[285/1752] FI0009900187 -> NO_CONTRACT
[286/1752] FI0009900401 -> NO_QUOTES  rows=0 selected=
[287/1752] FI0009900682 -> HISTORICAL_OK SMART rows=90 selected=
[288/1752] FI4000092523 -> NO_CONTRACT
[289/1752] FI4000150016 -> NO_CONTRACT
[290/1752] FI4000153465 -> NO_CONTRACT
[291/1752] FI4000197934 -> NO_QUOTES  rows=0 selected=
[292/1752] FI4000233317 -> NO_QUOTES  rows=0 selected=
[293/1752] FI4000270350 -> HISTORICAL_OK SMART rows=90 selected=
[294/1752] FI4000297767 -> NO_QUOTES  rows=0 selected=
[295/1752] FI4000301585 -> NO_CONTRACT
[296/1752] FI4000306873 -> NO_QUOTES  rows=0 selected=
[297/1752] FI4000330972 -> NO_QUOTES  rows=0 selected=
[298/1752] FI4000369608 -> NO_CONTRACT
[299/1752] FI4000390943 -> NO_CONTRACT
[300/1752] FI4000410881 -> NO_CONTRACT
[301/1752] FI4000476866 -> NO_CONTRACT
[302/1752] FI4000480215 -> NO_CONTRACT
[303/1752] FI4000506902 -> NO_CONTRACT
[304/1752] FI4000512488 -> NO_CONTRACT
[305/1752] FI4000512496 -> NO_CONTRACT
[306/1752] FI4000517461 -> NO_CONTRACT
[307/1752] FI4000517602 -> NO_CONTRACT
[308/1752] FI4000533005 -> NO_CONTRACT
[309/1752] FI4000592464 -> NO_QUOTES  rows=0 selected=
[310/1752] FR0000036816 -> NO_CONTRACT
[311/1752] FR0011675362 -> NO_CONTRACT
[312/1752] FR0011742329 -> NO_CONTRACT
[313/1752] FR0014005H99 -> NO_CONTRACT
[314/1752] FR001400I939 -> NO_CONTRACT
[315/1752] FR001400SDL2 -> NO_QUOTES  rows=0 selected=
[316/1752] GB0002183191 -> NO_QUOTES  rows=0 selected=
[317/1752] GB0002346053 -> NO_QUOTES  rows=0 selected=
[318/1752] GB0002892528 -> NO_CONTRACT
[319/1752] GB0002998192 -> NO_CONTRACT
[320/1752] GB0003287249 -> NO_QUOTES  rows=0 selected=
[321/1752] GB0004126057 -> NO_QUOTES  rows=0 selected=
[322/1752] GB0004339189 -> NO_QUOTES  rows=0 selected=
[323/1752] GB0004726096 -> NO_CONTRACT
[324/1752] GB0007325078 -> NO_CONTRACT
[325/1752] GB0008854563 -> NO_QUOTES  rows=0 selected=
[326/1752] GB0008910779 -> NO_QUOTES  rows=0 selected=
[327/1752] GB0030312788 -> HISTORICAL_OK SMART rows=84 selected=
[328/1752] GB0033360586 -> NO_QUOTES  rows=0 selected=
[329/1752] GB0033881904 -> NO_QUOTES  rows=0 selected=
[330/1752] GB0034330679 -> NO_QUOTES  rows=0 selected=
[331/1752] GB00B00K4418 -> NO_QUOTES  rows=0 selected=
[332/1752] GB00B075Z681 -> NO_QUOTES  rows=0 selected=
[333/1752] GB00B0HCWM45 -> NO_QUOTES  rows=0 selected=
[334/1752] GB00B0HZVP95 -> NO_QUOTES  rows=0 selected=
[335/1752] GB00B13YVN56 -> NO_QUOTES  rows=0 selected=
[336/1752] GB00B15XDH89 -> NO_CONTRACT
[337/1752] GB00B1722W11 -> NO_QUOTES  rows=0 selected=
[338/1752] GB00B1W0VW36 -> NO_QUOTES  rows=0 selected=
[339/1752] GB00B1YKG049 -> NO_CONTRACT
[340/1752] GB00B4T7HX10 -> NO_CONTRACT
[341/1752] GB00B54X0432 -> NO_QUOTES  rows=0 selected=
[342/1752] GB00B7TW1V39 -> NO_CONTRACT
[343/1752] GB00B8GRBX01 -> NO_QUOTES  rows=0 selected=
[344/1752] GB00BCRX1J15 -> NO_CONTRACT
[345/1752] GB00BD5JNK30 -> NO_CONTRACT
[346/1752] GB00BDR6W943 -> NO_QUOTES  rows=0 selected=
[347/1752] GB00BDVZYZ77 -> NO_CONTRACT
[348/1752] GB00BF2G3L29 -> NO_CONTRACT
[349/1752] GB00BF44KY60 -> NO_QUOTES  rows=0 selected=
[350/1752] GB00BF8J3Z99 -> NO_CONTRACT
[351/1752] GB00BF93WP34 -> NO_QUOTES  rows=0 selected=
[352/1752] GB00BFN4GY99 -> NO_CONTRACT
[353/1752] GB00BGHPT808 -> NO_CONTRACT
[354/1752] GB00BJFDXW97 -> NO_QUOTES  rows=0 selected=
[355/1752] GB00BJL1ZF49 -> NO_CONTRACT
[356/1752] GB00BL9ZF303 -> NO_CONTRACT
[357/1752] GB00BLNBFR86 -> NO_QUOTES  rows=0 selected=
[358/1752] GB00BLNNFY18 -> NO_CONTRACT
[359/1752] GB00BMQX2R72 -> NO_QUOTES  rows=0 selected=
[360/1752] GB00BNBS4S95 -> NO_CONTRACT
[361/1752] GB00BNYDGM91 -> NO_CONTRACT
[362/1752] GB00BNYKB709 -> NO_CONTRACT
[363/1752] GB00BSM98843 -> NO_CONTRACT
[364/1752] GB00BTTQ2F04 -> NO_QUOTES  rows=0 selected=
[365/1752] GB00BYW2KH80 -> NO_CONTRACT
[366/1752] GB00BYWKBC49 -> NO_CONTRACT
[367/1752] GB00BZ4BQC70 -> NO_QUOTES  rows=0 selected=
[368/1752] GB00BZ76F335 -> NO_QUOTES  rows=0 selected=
[369/1752] GG00B39HF298 -> NO_CONTRACT
[370/1752] GG00BB0RDB98 -> NO_CONTRACT
[371/1752] GRS001003052 -> NO_CONTRACT
[372/1752] GRS003003035 -> NO_QUOTES  rows=0 selected=
[373/1752] GRS004013009 -> NO_CONTRACT
[374/1752] GRS065003014 -> NO_CONTRACT
[375/1752] GRS070003009 -> NO_CONTRACT
[376/1752] GRS087003000 -> NO_CONTRACT
[377/1752] GRS096003009 -> NO_QUOTES  rows=0 selected=
[378/1752] GRS145003000 -> NO_CONTRACT
[379/1752] GRS191213008 -> NO_QUOTES  rows=0 selected=
[380/1752] GRS204003008 -> NO_QUOTES  rows=0 selected=
[381/1752] GRS239003007 -> NO_CONTRACT
[382/1752] GRS245213004 -> NO_CONTRACT
[383/1752] GRS246003008 -> NO_CONTRACT
[384/1752] GRS260333000 -> NO_QUOTES  rows=0 selected=
[385/1752] GRS282183003 -> NO_QUOTES  rows=0 selected=
[386/1752] GRS289103004 -> NO_CONTRACT
[387/1752] GRS310003009 -> NO_CONTRACT
[388/1752] GRS337003008 -> NO_CONTRACT
[389/1752] GRS343313003 -> NO_QUOTES  rows=0 selected=
[390/1752] GRS359353000 -> NO_QUOTES  rows=0 selected=
[391/1752] GRS419003009 -> NO_QUOTES  rows=0 selected=
[392/1752] GRS426003000 -> NO_QUOTES  rows=0 selected=
[393/1752] GRS427003009 -> NO_CONTRACT
[394/1752] GRS428003008 -> NO_CONTRACT
[395/1752] GRS434003000 -> NO_QUOTES  rows=0 selected=
[396/1752] GRS470003013 -> NO_QUOTES  rows=0 selected=
[397/1752] GRS524003001 -> NO_CONTRACT
[398/1752] GRS829003003 -> NO_QUOTES  rows=0 selected=
[399/1752] GRS830003000 -> NO_QUOTES  rows=0 selected=
[400/1752] HK0000056264 -> NO_CONTRACT
[401/1752] HK0000065349 -> NO_CONTRACT
[402/1752] HK0000065869 -> NO_CONTRACT
[403/1752] HK0000069689 -> HISTORICAL_OK SMART rows=90 selected=
[404/1752] HK0000084183 -> NO_CONTRACT
[405/1752] HK0000091790 -> NO_CONTRACT
[406/1752] HK0000139300 -> NO_CONTRACT
[407/1752] HK0000145638 -> NO_CONTRACT
[408/1752] HK0000723202 -> NO_CONTRACT
[409/1752] HK0000745908 -> NO_CONTRACT
[410/1752] HK0000746575 -> NO_CONTRACT
[411/1752] HK0000769783 -> NO_CONTRACT
[412/1752] HK0010000088 -> NO_CONTRACT
[413/1752] HK0014000126 -> NO_CONTRACT
[414/1752] HK0016000132 -> HISTORICAL_OK SMART rows=90 selected=
[415/1752] HK0034000254 -> NO_CONTRACT
[416/1752] HK0119000674 -> NO_CONTRACT
[417/1752] HK0131037993 -> NO_CONTRACT
[418/1752] HK0165000859 -> NO_CONTRACT
[419/1752] HK0171000877 -> NO_CONTRACT
[420/1752] HK0184000948 -> NO_CONTRACT
[421/1752] HK0217012357 -> NO_CONTRACT
[422/1752] HK0218001102 -> NO_CONTRACT
[423/1752] HK0420001817 -> NO_CONTRACT
[424/1752] HK0435036626 -> NO_CONTRACT
[425/1752] HK0450001869 -> NO_CONTRACT
[426/1752] HK0533002009 -> NO_CONTRACT
[427/1752] HK0604011236 -> NO_CONTRACT
[428/1752] HK0882007260 -> NO_CONTRACT
[429/1752] HK1203033175 -> NO_CONTRACT
[430/1752] HU0000083696 -> NO_CONTRACT
[431/1752] HU0000089867 -> NO_CONTRACT
[432/1752] HU0000102132 -> NO_CONTRACT
[433/1752] HU0000110226 -> NO_CONTRACT
[434/1752] HU0000155726 -> NO_CONTRACT
[435/1752] HU0000180112 -> NO_CONTRACT
[436/1752] ID1000060403 -> NO_CONTRACT
[437/1752] ID1000070402 -> NO_CONTRACT
[438/1752] ID1000074008 -> NO_CONTRACT
[439/1752] ID1000092406 -> NO_CONTRACT
[440/1752] ID1000097207 -> NO_CONTRACT
[441/1752] ID1000098205 -> NO_CONTRACT
[442/1752] ID1000106107 -> NO_CONTRACT
[443/1752] ID1000107303 -> NO_CONTRACT
[444/1752] ID1000108905 -> HISTORICAL_OK SMART rows=4 selected=
[445/1752] ID1000125503 -> NO_CONTRACT
[446/1752] ID1000126709 -> NO_CONTRACT
[447/1752] ID1000131105 -> NO_CONTRACT
[448/1752] ID1000137201 -> NO_CONTRACT
[449/1752] IE0000669501 -> NO_QUOTES  rows=0 selected=
[450/1752] IE0003RQ9F90 -> NO_QUOTES  rows=0 selected=
[451/1752] IE0004906560 -> NO_QUOTES  rows=0 selected=
[452/1752] IE0004927939 -> NO_QUOTES  rows=0 selected=
[453/1752] IE0005HNE843 -> NO_QUOTES  rows=0 selected=
[454/1752] IE0006WPPA00 -> HISTORICAL_OK SMART rows=90 selected=
[455/1752] IE0008LRGGP4 -> HISTORICAL_OK SMART rows=90 selected=
[456/1752] IE0009DRDY20 -> HISTORICAL_OK SMART rows=90 selected=
[457/1752] IE0009IAUUI1 -> NO_QUOTES  rows=0 selected=
[458/1752] IE0009W21NT4 -> HISTORICAL_OK SMART rows=89 selected=
[459/1752] IE000ASNLWH9 -> HISTORICAL_OK SMART rows=90 selected=
[460/1752] IE000BNLRWE6 -> NO_QUOTES  rows=0 selected=
[461/1752] IE000BS9KP42 -> NO_QUOTES  rows=0 selected=
[462/1752] IE000DQLYVB9 -> NO_QUOTES  rows=0 selected=
[463/1752] IE000E66LX20 -> NO_CONTRACT
[464/1752] IE000EPIJ442 -> NO_QUOTES  rows=0 selected=
[465/1752] IE000G3A6RN7 -> NO_CONTRACT
[466/1752] IE000JJPY166 -> HISTORICAL_OK SMART rows=90 selected=
[467/1752] IE000JR51TI1 -> NO_QUOTES  rows=0 selected=
[468/1752] IE000K5F6EL4 -> HISTORICAL_OK SMART rows=90 selected=
[469/1752] IE000KLC2EN9 -> NO_QUOTES  rows=0 selected=
[470/1752] IE000NXQKHU1 -> NO_CONTRACT
[471/1752] IE000OW54ZX1 -> NO_QUOTES  rows=0 selected=
[472/1752] IE000P2CI9P3 -> HISTORICAL_OK SMART rows=53 selected=
[473/1752] IE000UJSC3C9 -> HISTORICAL_OK SMART rows=90 selected=
[474/1752] IE000X1GW0A7 -> HISTORICAL_OK SMART rows=83 selected=
[475/1752] IE000Y2BJVK9 -> NO_QUOTES  rows=0 selected=
[476/1752] IE000YBGJ9I4 -> HISTORICAL_OK SMART rows=90 selected=
[477/1752] IE000YGEAK03 -> NO_QUOTES  rows=0 selected=
[478/1752] IE000YR7N5U8 -> HISTORICAL_OK SMART rows=71 selected=
[479/1752] IE000Z8BHG02 -> NO_CONTRACT
[480/1752] IE00B1WV4493 -> NO_QUOTES  rows=0 selected=
[481/1752] IE00B41RYL63 -> HISTORICAL_OK SMART rows=90 selected=
[482/1752] IE00B428Z604 -> HISTORICAL_OK SMART rows=90 selected=
[483/1752] IE00B459R192 -> HISTORICAL_OK SMART rows=90 selected=
[484/1752] IE00B4694Z11 -> HISTORICAL_OK SMART rows=90 selected=
[485/1752] IE00B4L5ZY03 -> HISTORICAL_OK SMART rows=90 selected=
[486/1752] IE00B4WXJG34 -> HISTORICAL_OK SMART rows=90 selected=
[487/1752] IE00B4WXJH41 -> HISTORICAL_OK SMART rows=91 selected=
[488/1752] IE00B53H0131 -> HISTORICAL_OK SMART rows=88 selected=
[489/1752] IE00B5MJYB88 -> HISTORICAL_OK SMART rows=90 selected=
[490/1752] IE00B5MJYC95 -> HISTORICAL_OK SMART rows=90 selected=
[491/1752] IE00B5MJYY16 -> HISTORICAL_OK SMART rows=90 selected=
[492/1752] IE00B5MTWH09 -> HISTORICAL_OK SMART rows=90 selected=
[493/1752] IE00B5MTWY73 -> HISTORICAL_OK SMART rows=90 selected=
[494/1752] IE00B5MTXJ97 -> HISTORICAL_OK SMART rows=90 selected=
[495/1752] IE00B5MTXK03 -> HISTORICAL_OK SMART rows=90 selected=
[496/1752] IE00B5MTY077 -> HISTORICAL_OK SMART rows=90 selected=
[497/1752] IE00B5MTY309 -> HISTORICAL_OK SMART rows=90 selected=
[498/1752] IE00B5MTYK77 -> HISTORICAL_OK SMART rows=90 selected=
[499/1752] IE00B5MTYL84 -> HISTORICAL_OK SMART rows=90 selected=
[500/1752] IE00B5MTZ488 -> HISTORICAL_OK SMART rows=90 selected=
[501/1752] IE00B5MTZ595 -> HISTORICAL_OK SMART rows=90 selected=
[502/1752] IE00B5MTZM66 -> HISTORICAL_OK SMART rows=90 selected=
[503/1752] IE00B5NLX835 -> HISTORICAL_OK SMART rows=90 selected=
[504/1752] IE00B5V94313 -> HISTORICAL_OK SMART rows=90 selected=
[505/1752] IE00B60SWW18 -> HISTORICAL_OK SMART rows=90 selected=
[506/1752] IE00B60SX170 -> HISTORICAL_OK SMART rows=90 selected=
[507/1752] IE00B60SX287 -> HISTORICAL_OK SMART rows=90 selected=
[508/1752] IE00B60SX402 -> HISTORICAL_OK SMART rows=90 selected=
[509/1752] IE00B77D4428 -> HISTORICAL_OK SMART rows=90 selected=
[510/1752] IE00B78JSG98 -> HISTORICAL_OK SMART rows=90 selected=
[511/1752] IE00B87RLX93 -> HISTORICAL_OK SMART rows=90 selected=
[512/1752] IE00B8KQN827 -> HISTORICAL_OK SMART rows=92 selected=
[513/1752] IE00B97C0C31 -> NO_CONTRACT
[514/1752] IE00B9MRJJ36 -> HISTORICAL_OK SMART rows=90 selected=
[515/1752] IE00BC7GZW19 -> HISTORICAL_OK SMART rows=89 selected=
[516/1752] IE00BC7GZX26 -> HISTORICAL_OK SMART rows=90 selected=
[517/1752] IE00BCHWNQ94 -> HISTORICAL_OK SMART rows=90 selected=
[518/1752] IE00BCLWRD08 -> HISTORICAL_OK SMART rows=92 selected=
[519/1752] IE00BCLWRF22 -> HISTORICAL_OK SMART rows=90 selected=
[520/1752] IE00BD09HK61 -> NO_QUOTES  rows=0 selected=
[521/1752] IE00BD1RP616 -> NO_QUOTES  rows=0 selected=
[522/1752] IE00BD4DXB77 -> HISTORICAL_OK SMART rows=90 selected=
[523/1752] IE00BD5B1Y92 -> NO_CONTRACT
[524/1752] IE00BD8D5G25 -> NO_QUOTES  rows=0 selected=
[525/1752] IE00BD8D5H32 -> NO_QUOTES  rows=0 selected=
[526/1752] IE00BDBRT036 -> NO_QUOTES  rows=0 selected=
[527/1752] IE00BDC5DG00 -> HISTORICAL_OK SMART rows=64 selected=
[528/1752] IE00BDGN9Z19 -> HISTORICAL_OK SMART rows=90 selected=
[529/1752] IE00BDZVH966 -> HISTORICAL_OK SMART rows=90 selected=
[530/1752] IE00BF0L3536 -> NO_QUOTES  rows=0 selected=
[531/1752] IE00BF0M6N54 -> NO_QUOTES  rows=0 selected=
[532/1752] IE00BF11F458 -> HISTORICAL_OK SMART rows=90 selected=
[533/1752] IE00BF1B7389 -> HISTORICAL_OK SMART rows=90 selected=
[534/1752] IE00BF2B0L69 -> HISTORICAL_OK SMART rows=89 selected=
[535/1752] IE00BF2FN869 -> HISTORICAL_OK SMART rows=90 selected=
[536/1752] IE00BF51K249 -> HISTORICAL_OK SMART rows=90 selected=
[537/1752] IE00BF92LV92 -> HISTORICAL_OK SMART rows=90 selected=
[538/1752] IE00BFMKQ930 -> HISTORICAL_OK SMART rows=90 selected=
[539/1752] IE00BFMNPS42 -> HISTORICAL_OK SMART rows=90 selected=
[540/1752] IE00BFMXYY33 -> HISTORICAL_OK SMART rows=90 selected=
[541/1752] IE00BFWXDY69 -> HISTORICAL_OK SMART rows=89 selected=
[542/1752] IE00BFXYHY63 -> HISTORICAL_OK SMART rows=90 selected=
[543/1752] IE00BG04M077 -> HISTORICAL_OK SMART rows=90 selected=
[544/1752] IE00BG0NY640 -> HISTORICAL_OK SMART rows=90 selected=
[545/1752] IE00BG143G97 -> NO_QUOTES  rows=0 selected=
[546/1752] IE00BGDPWV87 -> HISTORICAL_OK SMART rows=90 selected=
[547/1752] IE00BGJWWT11 -> HISTORICAL_OK SMART rows=74 selected=
[548/1752] IE00BGJWWV33 -> HISTORICAL_OK SMART rows=90 selected=
[549/1752] IE00BGJWWW40 -> HISTORICAL_OK SMART rows=90 selected=
[550/1752] IE00BGJWWX56 -> HISTORICAL_OK SMART rows=90 selected=
[551/1752] IE00BGJWX091 -> HISTORICAL_OK SMART rows=90 selected=
[552/1752] IE00BGPP6473 -> HISTORICAL_OK SMART rows=90 selected=
[553/1752] IE00BGQYRR35 -> HISTORICAL_OK SMART rows=90 selected=
[554/1752] IE00BGQYRS42 -> HISTORICAL_OK SMART rows=90 selected=
[555/1752] IE00BGV5VM45 -> NO_QUOTES  rows=0 selected=
[556/1752] IE00BGV5VN51 -> HISTORICAL_OK SMART rows=90 selected=
[557/1752] IE00BGV5VR99 -> HISTORICAL_OK SMART rows=90 selected=
[558/1752] IE00BH4GPZ28 -> HISTORICAL_OK SMART rows=92 selected=
[559/1752] IE00BH4GR342 -> NO_QUOTES  rows=0 selected=
[560/1752] IE00BHZPJ239 -> HISTORICAL_OK SMART rows=90 selected=
[561/1752] IE00BHZPJ452 -> HISTORICAL_OK SMART rows=90 selected=
[562/1752] IE00BHZPJ569 -> HISTORICAL_OK SMART rows=86 selected=
[563/1752] IE00BHZPJ908 -> HISTORICAL_OK SMART rows=90 selected=
[564/1752] IE00BHZRQZ17 -> NO_QUOTES  rows=0 selected=
[565/1752] IE00BHZRR030 -> HISTORICAL_OK SMART rows=90 selected=
[566/1752] IE00BHZRR147 -> HISTORICAL_OK SMART rows=90 selected=
[567/1752] IE00BHZRR253 -> NO_QUOTES  rows=0 selected=
[568/1752] IE00BJ06C044 -> NO_QUOTES  rows=0 selected=
[569/1752] IE00BJ06C937 -> NO_QUOTES  rows=0 selected=
[570/1752] IE00BJ34P519 -> NO_CONTRACT
[571/1752] IE00BJ5FQX74 -> HISTORICAL_OK SMART rows=18 selected=
[572/1752] IE00BJ5JNY98 -> HISTORICAL_OK SMART rows=90 selected=
[573/1752] IE00BJL36X53 -> HISTORICAL_OK SMART rows=90 selected=
[574/1752] IE00BJQRDP39 -> HISTORICAL_OK SMART rows=90 selected=
[575/1752] IE00BJSFQW37 -> HISTORICAL_OK SMART rows=90 selected=
[576/1752] IE00BJZ2DC62 -> HISTORICAL_OK SMART rows=90 selected=
[577/1752] IE00BK5BC891 -> NO_QUOTES  rows=0 selected=
[578/1752] IE00BK5BCD43 -> NO_QUOTES  rows=0 selected=
[579/1752] IE00BK5BQT80 -> NO_QUOTES  rows=0 selected=
[580/1752] IE00BK5H8015 -> HISTORICAL_OK SMART rows=92 selected=
[581/1752] IE00BK8JH525 -> HISTORICAL_OK SMART rows=90 selected=
[582/1752] IE00BK95B138 -> HISTORICAL_OK SMART rows=90 selected=
[583/1752] IE00BL25JM42 -> HISTORICAL_OK SMART rows=90 selected=
[584/1752] IE00BL25JP72 -> HISTORICAL_OK SMART rows=90 selected=
[585/1752] IE00BLLZQ805 -> HISTORICAL_OK SMART rows=90 selected=
[586/1752] IE00BLLZQS08 -> HISTORICAL_OK SMART rows=90 selected=
[587/1752] IE00BLNN3691 -> HISTORICAL_OK SMART rows=57 selected=
[588/1752] IE00BLP53M98 -> HISTORICAL_OK SMART rows=90 selected=
[589/1752] IE00BLP58571 -> HISTORICAL_OK SMART rows=90 selected=
[590/1752] IE00BMP3HG27 -> HISTORICAL_OK SMART rows=90 selected=
[591/1752] IE00BMVB5M21 -> HISTORICAL_OK SMART rows=90 selected=
[592/1752] IE00BMVB5N38 -> HISTORICAL_OK SMART rows=90 selected=
[593/1752] IE00BMVB5P51 -> HISTORICAL_OK SMART rows=90 selected=
[594/1752] IE00BMW3QX54 -> NO_QUOTES  rows=0 selected=
[595/1752] IE00BMW42181 -> NO_QUOTES  rows=0 selected=
[596/1752] IE00BMW42413 -> NO_QUOTES  rows=0 selected=
[597/1752] IE00BMX0B524 -> HISTORICAL_OK SMART rows=90 selected=
[598/1752] IE00BP46NG52 -> HISTORICAL_OK SMART rows=90 selected=
[599/1752] IE00BP8FKB21 -> HISTORICAL_OK SMART rows=90 selected=
[600/1752] IE00BQWJFQ70 -> HISTORICAL_OK SMART rows=90 selected=
[601/1752] IE00BQXKVQ19 -> HISTORICAL_OK SMART rows=90 selected=
[602/1752] IE00BRB36B93 -> HISTORICAL_OK SMART rows=90 selected=
[603/1752] IE00BS7K8821 -> HISTORICAL_OK SMART rows=90 selected=
[604/1752] IE00BSJCQV56 -> HISTORICAL_OK SMART rows=92 selected=
[605/1752] IE00BSKRK281 -> HISTORICAL_OK SMART rows=90 selected=
[606/1752] IE00BVGC6645 -> HISTORICAL_OK SMART rows=90 selected=
[607/1752] IE00BVZ6SP04 -> NO_QUOTES  rows=0 selected=
[608/1752] IE00BWB8X525 -> NO_QUOTES  rows=0 selected=
[609/1752] IE00BWT6H894 -> HISTORICAL_OK SMART rows=90 selected=
[610/1752] IE00BWTNM966 -> HISTORICAL_OK SMART rows=90 selected=
[611/1752] IE00BWY4ZF18 -> HISTORICAL_OK SMART rows=90 selected=
[612/1752] IE00BWZN1T31 -> NO_QUOTES  rows=0 selected=
[613/1752] IE00BX7RQY03 -> HISTORICAL_OK SMART rows=80 selected=
[614/1752] IE00BX7RR706 -> HISTORICAL_OK SMART rows=86 selected=
[615/1752] IE00BYSX4846 -> NO_QUOTES  rows=0 selected=
[616/1752] IE00BYSZ5R67 -> HISTORICAL_OK SMART rows=90 selected=
[617/1752] IE00BYSZ5V04 -> HISTORICAL_OK SMART rows=90 selected=
[618/1752] IE00BYSZ6062 -> HISTORICAL_OK SMART rows=90 selected=
[619/1752] IE00BYTBXV33 -> NO_QUOTES  rows=0 selected=
[620/1752] IE00BYV1Y969 -> HISTORICAL_OK SMART rows=90 selected=
[621/1752] IE00BYV1YH46 -> HISTORICAL_OK SMART rows=90 selected=
[622/1752] IE00BYVTMZ20 -> HISTORICAL_OK SMART rows=90 selected=
[623/1752] IE00BYXPXL17 -> HISTORICAL_OK SMART rows=23 selected=
[624/1752] IE00BYXVGZ48 -> HISTORICAL_OK SMART rows=90 selected=
[625/1752] IE00BYYHSM20 -> HISTORICAL_OK SMART rows=90 selected=
[626/1752] IE00BYYLVJ24 -> HISTORICAL_OK SMART rows=80 selected=
[627/1752] IE00BZ173V67 -> HISTORICAL_OK SMART rows=90 selected=
[628/1752] IE00BZ2GV965 -> HISTORICAL_OK SMART rows=83 selected=
[629/1752] IE00BZ4BTZ13 -> NO_QUOTES  rows=0 selected=
[630/1752] IL0010823123 -> NO_CONTRACT
[631/1752] IL0010823792 -> HISTORICAL_OK SMART rows=92 selected=
[632/1752] IL0010958192 -> HISTORICAL_OK SMART rows=66 selected=
[633/1752] IM00B28ZPX83 -> NO_QUOTES  rows=0 selected=
[634/1752] IM00B2R3RX72 -> NO_CONTRACT
[635/1752] INE0TSF01011 -> NO_CONTRACT
[636/1752] INE101A01026 -> NO_CONTRACT
[637/1752] INE156A01020 -> NO_CONTRACT
[638/1752] INE633B01018 -> NO_CONTRACT
[639/1752] INE689W01016 -> NO_CONTRACT
[640/1752] IT0000060886 -> HISTORICAL_OK SMART rows=90 selected=
[641/1752] IT0001006128 -> HISTORICAL_OK SMART rows=90 selected=
[642/1752] IT0001073045 -> NO_CONTRACT
[643/1752] IT0001237053 -> HISTORICAL_OK SMART rows=90 selected=
[644/1752] IT0001384590 -> HISTORICAL_OK SMART rows=90 selected=
[645/1752] IT0001454435 -> HISTORICAL_OK SMART rows=90 selected=
[646/1752] IT0001469383 -> HISTORICAL_OK SMART rows=90 selected=
[647/1752] IT0003056386 -> HISTORICAL_OK SMART rows=89 selected=
[648/1752] IT0003057624 -> HISTORICAL_OK SMART rows=88 selected=
[649/1752] IT0003127930 -> HISTORICAL_OK SMART rows=90 selected=
[650/1752] IT0003404214 -> HISTORICAL_OK SMART rows=87 selected=
[651/1752] IT0003428445 -> HISTORICAL_OK SMART rows=90 selected=
[652/1752] IT0003621783 -> HISTORICAL_OK SMART rows=90 selected=
[653/1752] IT0003850929 -> HISTORICAL_OK SMART rows=90 selected=
[654/1752] IT0003895668 -> HISTORICAL_OK SMART rows=90 selected=
[655/1752] IT0004053440 -> HISTORICAL_OK SMART rows=90 selected=
[656/1752] IT0004093263 -> HISTORICAL_OK SMART rows=90 selected=
[657/1752] IT0004171440 -> HISTORICAL_OK SMART rows=90 selected=
[658/1752] IT0004195308 -> HISTORICAL_OK SMART rows=90 selected=
[659/1752] IT0004329733 -> HISTORICAL_OK SMART rows=90 selected=
[660/1752] IT0004931496 -> HISTORICAL_OK SMART rows=90 selected=
[661/1752] IT0004998065 -> HISTORICAL_OK SMART rows=90 selected=
[662/1752] IT0005023038 -> HISTORICAL_OK SMART rows=90 selected=
[663/1752] IT0005054967 -> HISTORICAL_OK SMART rows=90 selected=
[664/1752] IT0005108219 -> HISTORICAL_OK SMART rows=89 selected=
[665/1752] IT0005117848 -> HISTORICAL_OK SMART rows=84 selected=
[666/1752] IT0005244618 -> HISTORICAL_OK SMART rows=90 selected=
[667/1752] IT0005246191 -> HISTORICAL_OK SMART rows=90 selected=
[668/1752] IT0005253205 -> HISTORICAL_OK SMART rows=90 selected=
[669/1752] IT0005262149 -> HISTORICAL_OK SMART rows=88 selected=
[670/1752] IT0005274094 -> HISTORICAL_OK SMART rows=90 selected=
[671/1752] IT0005275778 -> HISTORICAL_OK SMART rows=90 selected=
[672/1752] IT0005412504 -> HISTORICAL_OK SMART rows=90 selected=
[673/1752] IT0005428971 -> NO_CONTRACT
[674/1752] IT0005432668 -> NO_CONTRACT
[675/1752] IT0005503989 -> NO_QUOTES  rows=0 selected=
[676/1752] IT0005513202 -> HISTORICAL_OK SMART rows=90 selected=
[677/1752] IT0005521858 -> NO_CONTRACT
[678/1752] IT0005600249 -> NO_QUOTES  rows=0 selected=
[679/1752] IT0005607699 -> NO_QUOTES  rows=0 selected=
[680/1752] IT0005607715 -> NO_QUOTES  rows=0 selected=
[681/1752] IT0005628778 -> NO_QUOTES  rows=0 selected=
[682/1752] IT0005632945 -> NO_QUOTES  rows=0 selected=
[683/1752] IT0005652489 -> NO_QUOTES  rows=0 selected=
[684/1752] IT0005660219 -> NO_QUOTES  rows=0 selected=
[685/1752] IT0005676140 -> NO_QUOTES  rows=0 selected=
[686/1752] IT0005683401 -> NO_QUOTES  rows=0 selected=
[687/1752] IT0005712671 -> HISTORICAL_OK SMART rows=92 selected=
[688/1752] IT0005713232 -> HISTORICAL_OK SMART rows=24 selected=
[689/1752] JE00B3MW7P88 -> HISTORICAL_OK SMART rows=90 selected=
[690/1752] JE00B55Q3P39 -> HISTORICAL_OK SMART rows=90 selected=
[691/1752] JE00B66M4S72 -> HISTORICAL_OK SMART rows=5 selected=
[692/1752] JE00B78NNS84 -> HISTORICAL_OK SMART rows=90 selected=
[693/1752] JE00B78NNV14 -> HISTORICAL_OK SMART rows=90 selected=
[694/1752] JE00B8DFY052 -> HISTORICAL_OK SMART rows=90 selected=
[695/1752] JE00BG6L7297 -> NO_QUOTES  rows=0 selected=
[696/1752] JE00BH6XDL31 -> NO_CONTRACT
[697/1752] JE00BLD8Y945 -> HISTORICAL_OK SMART rows=88 selected=
[698/1752] JE00BLKGSR75 -> HISTORICAL_OK SMART rows=87 selected=
[699/1752] JE00BMDZN391 -> HISTORICAL_OK SMART rows=90 selected=
[700/1752] JE00BP2PWW32 -> HISTORICAL_OK SMART rows=90 selected=
[701/1752] JE00BRJ8YF63 -> NO_QUOTES  rows=0 selected=
[702/1752] JP3105040004 -> NO_CONTRACT
[703/1752] JP3121970002 -> NO_QUOTES  rows=0 selected=
[704/1752] JP3131090007 -> NO_QUOTES  rows=0 selected=
[705/1752] JP3131430005 -> NO_CONTRACT
[706/1752] JP3152740001 -> NO_QUOTES  rows=0 selected=
[707/1752] JP3152750000 -> HISTORICAL_OK SMART rows=90 selected=
[708/1752] JP3160300004 -> NO_CONTRACT
[709/1752] JP3161200005 -> NO_QUOTES  rows=0 selected=
[710/1752] JP3164470001 -> NO_QUOTES  rows=0 selected=
[711/1752] JP3173540000 -> NO_QUOTES  rows=0 selected=
[712/1752] JP3206000006 -> NO_QUOTES  rows=0 selected=
[713/1752] JP3208200000 -> NO_QUOTES  rows=0 selected=
[714/1752] JP3220580009 -> NO_QUOTES  rows=0 selected=
[715/1752] JP3230600003 -> NO_QUOTES  rows=0 selected=
[716/1752] JP3244800003 -> NO_QUOTES  rows=0 selected=
[717/1752] JP3264870001 -> NO_CONTRACT
[718/1752] JP3274150006 -> NO_QUOTES  rows=0 selected=
[719/1752] JP3281630TEN -> NO_CONTRACT
[720/1752] JP3293200006 -> NO_QUOTES  rows=0 selected=
[721/1752] JP3305530002 -> NO_QUOTES  rows=0 selected=
[722/1752] JP3309000002 -> NO_QUOTES  rows=0 selected=
[723/1752] JP3320800000 -> NO_QUOTES  rows=0 selected=
[724/1752] JP3386110005 -> NO_QUOTES  rows=0 selected=
[725/1752] JP3460200003 -> NO_CONTRACT
[726/1752] JP3491910000 -> NO_CONTRACT
[727/1752] JP3545240008 -> NO_CONTRACT
[728/1752] JP3547670004 -> NO_QUOTES  rows=0 selected=
[729/1752] JP3548660004 -> NO_QUOTES  rows=0 selected=
[730/1752] JP3567410000 -> NO_QUOTES  rows=0 selected=
[731/1752] JP3619800000 -> NO_QUOTES  rows=0 selected=
[732/1752] JP3634600005 -> NO_CONTRACT
[733/1752] JP3665200006 -> NO_QUOTES  rows=0 selected=
[734/1752] JP3675600005 -> NO_QUOTES  rows=0 selected=
[735/1752] JP3677200002 -> NO_QUOTES  rows=0 selected=
[736/1752] JP3678000005 -> NO_QUOTES  rows=0 selected=
[737/1752] JP3718800000 -> NO_QUOTES  rows=0 selected=
[738/1752] JP3723000000 -> NO_QUOTES  rows=0 selected=
[739/1752] JP3743000006 -> NO_QUOTES  rows=0 selected=
[740/1752] JP3762900003 -> NO_QUOTES  rows=0 selected=
[741/1752] JP3767810009 -> NO_QUOTES  rows=0 selected=
[742/1752] JP3781490002 -> NO_QUOTES  rows=0 selected=
[743/1752] JP3784600003 -> NO_CONTRACT
[744/1752] JP3800390001 -> NO_QUOTES  rows=0 selected=
[745/1752] JP3827600002 -> NO_CONTRACT
[746/1752] JP3829750003 -> NO_CONTRACT
[747/1752] JP3863030007 -> NO_CONTRACT
[748/1752] JP3876600002 -> NO_QUOTES  rows=0 selected=
[749/1752] JP3879400004 -> NO_CONTRACT
[750/1752] JP3882750007 -> NO_QUOTES  rows=0 selected=
[751/1752] JP3889200006 -> NO_CONTRACT
[752/1752] JP3894900004 -> NO_QUOTES  rows=0 selected=
[753/1752] JP3902900004 -> HISTORICAL_OK SMART rows=90 selected=
[754/1752] JP3910620008 -> NO_QUOTES  rows=0 selected=
[755/1752] JP3921240002 -> NO_CONTRACT
[756/1752] JP3926800008 -> NO_QUOTES  rows=0 selected=
[757/1752] JP3931600005 -> NO_QUOTES  rows=0 selected=
[758/1752] JP3944370000 -> NO_QUOTES  rows=0 selected=
[759/1752] JP3947800003 -> NO_QUOTES  rows=0 selected=
[760/1752] JP3965600004 -> NO_CONTRACT
[761/1752] JP3967050000 -> NO_QUOTES  rows=0 selected=
[762/1752] JP3967180005 -> NO_CONTRACT
[763/1752] JP5841400004 -> NO_CONTRACT
[764/1752] KR7005490008 -> HISTORICAL_OK SMART rows=90 selected=
[765/1752] KR7316140003 -> HISTORICAL_OK SMART rows=90 selected=
[766/1752] KR7365270008 -> HISTORICAL_OK SMART rows=90 selected=
[767/1752] KYG0028A1085 -> NO_CONTRACT
[768/1752] KYG0192S1093 -> NO_CONTRACT
[769/1752] KYG039991024 -> NO_CONTRACT
[770/1752] KYG0519B1023 -> NO_CONTRACT
[771/1752] KYG0539C1069 -> HISTORICAL_OK SMART rows=90 selected=
[772/1752] KYG121611084 -> NO_CONTRACT
[773/1752] KYG1267V1005 -> NO_CONTRACT
[774/1752] KYG1644A1004 -> NO_CONTRACT
[775/1752] KYG1821D1097 -> NO_CONTRACT
[776/1752] KYG210891001 -> HISTORICAL_OK SMART rows=90 selected=
[777/1752] KYG2108Y1052 -> HISTORICAL_OK SMART rows=90 selected=
[778/1752] KYG210AW1064 -> NO_CONTRACT
[779/1752] KYG211081248 -> HISTORICAL_OK SMART rows=90 selected=
[780/1752] KYG2110P1000 -> HISTORICAL_OK SMART rows=90 selected=
[781/1752] KYG2113L1068 -> HISTORICAL_OK SMART rows=90 selected=
[782/1752] KYG211411098 -> NO_CONTRACT
[783/1752] KYG211511160 -> NO_CONTRACT
[784/1752] KYG2116D1198 -> NO_CONTRACT
[785/1752] KYG2116J1085 -> NO_CONTRACT
[786/1752] KYG211771038 -> NO_CONTRACT
[787/1752] KYG2117U1022 -> NO_CONTRACT
[788/1752] KYG2118N1079 -> HISTORICAL_OK SMART rows=90 selected=
[789/1752] KYG2120H1065 -> NO_CONTRACT
[790/1752] KYG2120K1094 -> HISTORICAL_OK SMART rows=90 selected=
[791/1752] KYG2122A1094 -> NO_CONTRACT
[792/1752] KYG2140A1076 -> HISTORICAL_OK SMART rows=90 selected=
[793/1752] KYG215A81084 -> NO_CONTRACT
[794/1752] KYG2161T1004 -> NO_CONTRACT
[795/1752] KYG2163M1033 -> NO_CONTRACT
[796/1752] KYG2177B1014 -> HISTORICAL_OK SMART rows=90 selected=
[797/1752] KYG2352X1262 -> NO_CONTRACT
[798/1752] KYG2524A1031 -> NO_CONTRACT
[799/1752] KYG2588M1006 -> HISTORICAL_OK SMART rows=90 selected=
[800/1752] KYG2953R1149 -> HISTORICAL_OK SMART rows=90 selected=
[801/1752] KYG2993S1066 -> NO_CONTRACT
[802/1752] KYG3066L1014 -> HISTORICAL_OK SMART rows=90 selected=
[803/1752] KYG319891092 -> NO_CONTRACT
[804/1752] KYG321481015 -> NO_CONTRACT
[805/1752] KYG3311L1041 -> NO_CONTRACT
[806/1752] KYG363361083 -> NO_CONTRACT
[807/1752] KYG373041055 -> NO_CONTRACT
[808/1752] KYG3871A1004 -> NO_CONTRACT
[809/1752] KYG3902L1095 -> HISTORICAL_OK SMART rows=90 selected=
[810/1752] KYG398141013 -> NO_CONTRACT
[811/1752] KYG3R83K1037 -> HISTORICAL_OK SMART rows=90 selected=
[812/1752] KYG4066M1151 -> NO_CONTRACT
[813/1752] KYG4181B1196 -> NO_CONTRACT
[814/1752] KYG451581055 -> NO_CONTRACT
[815/1752] KYG459461037 -> NO_CONTRACT
[816/1752] KYG4644T1031 -> NO_CONTRACT
[817/1752] KYG4672G1064 -> NO_CONTRACT
[818/1752] KYG4672N1198 -> HISTORICAL_OK SMART rows=86 selected=
[819/1752] KYG470811079 -> NO_CONTRACT
[820/1752] KYG4723A1085 -> NO_CONTRACT
[821/1752] KYG476341030 -> NO_CONTRACT
[822/1752] KYG4809C1015 -> NO_CONTRACT
[823/1752] KYG4914A1076 -> NO_CONTRACT
[824/1752] KYG5074S1012 -> HISTORICAL_OK SMART rows=90 selected=
[825/1752] KYG5138B1023 -> NO_CONTRACT
[826/1752] KYG520771075 -> NO_CONTRACT
[827/1752] KYG521051063 -> NO_CONTRACT
[828/1752] KYG521321003 -> NO_CONTRACT
[829/1752] KYG5224V1032 -> NO_CONTRACT
[830/1752] KYG5252B1023 -> NO_CONTRACT
[831/1752] KYG525741032 -> NO_CONTRACT
[832/1752] KYG5264Y1089 -> HISTORICAL_OK SMART rows=90 selected=
[833/1752] KYG5438W1116 -> NO_CONTRACT
[834/1752] KYG548721177 -> NO_CONTRACT
[835/1752] KYG5571U1040 -> NO_CONTRACT
[836/1752] KYG5635P1090 -> HISTORICAL_OK SMART rows=90 selected=
[837/1752] KYG5804A1076 -> HISTORICAL_OK SMART rows=90 selected=
[838/1752] KYG6082P1054 -> NO_CONTRACT
[839/1752] KYG6145U1094 -> HISTORICAL_OK SMART rows=90 selected=
[840/1752] KYG642571015 -> NO_CONTRACT
[841/1752] KYG6470A1168 -> HISTORICAL_OK SMART rows=90 selected=
[842/1752] KYG650071098 -> NO_CONTRACT
[843/1752] KYG6542K1269 -> NO_CONTRACT
[844/1752] KYG7011M1069 -> NO_CONTRACT
[845/1752] KYG711391022 -> HISTORICAL_OK SMART rows=90 selected=
[846/1752] KYG7306W1087 -> NO_CONTRACT
[847/1752] KYG7611S1075 -> HISTORICAL_OK SMART rows=90 selected=
[848/1752] KYG7800X1079 -> HISTORICAL_OK SMART rows=90 selected=
[849/1752] KYG7814S1021 -> NO_CONTRACT
[850/1752] KYG8116M1087 -> NO_CONTRACT
[851/1752] KYG843961031 -> NO_CONTRACT
[852/1752] KYG846981028 -> NO_CONTRACT
[853/1752] KYG8569A1067 -> HISTORICAL_OK SMART rows=90 selected=
[854/1752] KYG8586D1097 -> HISTORICAL_OK SMART rows=90 selected=
[855/1752] KYG8672Y1089 -> NO_CONTRACT
[856/1752] KYG876551170 -> NO_CONTRACT
[857/1752] KYG886801060 -> NO_CONTRACT
[858/1752] KYG8875G1029 -> HISTORICAL_OK SMART rows=90 selected=
[859/1752] KYG8878S1030 -> HISTORICAL_OK SMART rows=90 selected=
[860/1752] KYG888311134 -> NO_CONTRACT
[861/1752] KYG8919T1022 -> NO_CONTRACT
[862/1752] KYG910191363 -> NO_CONTRACT
[863/1752] KYG913841006 -> NO_CONTRACT
[864/1752] KYG931751005 -> NO_CONTRACT
[865/1752] KYG9593A1040 -> HISTORICAL_OK SMART rows=90 selected=
[866/1752] KYG960071028 -> HISTORICAL_OK SMART rows=90 selected=
[867/1752] KYG9687V2040 -> HISTORICAL_OK SMART rows=90 selected=
[868/1752] KYG9827V1068 -> NO_CONTRACT
[869/1752] KYG9828G1082 -> HISTORICAL_OK SMART rows=90 selected=
[870/1752] KYG9830E1098 -> NO_CONTRACT
[871/1752] KYG9835C1087 -> HISTORICAL_OK SMART rows=90 selected=
[872/1752] KYG9845C1069 -> NO_CONTRACT
[873/1752] KYG9891U1334 -> NO_CONTRACT
[874/1752] KYG9894K1085 -> HISTORICAL_OK SMART rows=90 selected=
[875/1752] KYG989761062 -> NO_CONTRACT
[876/1752] KYG9897K1058 -> NO_CONTRACT
[877/1752] KYG9T20A1060 -> HISTORICAL_OK SMART rows=90 selected=
[878/1752] KYG9T43R1023 -> NO_CONTRACT
[879/1752] LT0000100372 -> NO_CONTRACT
[880/1752] LT0000102279 -> NO_CONTRACT
[881/1752] LT0000102337 -> NO_CONTRACT
[882/1752] LT0000123911 -> NO_CONTRACT
[883/1752] LT0000127466 -> NO_CONTRACT
[884/1752] LT0000128092 -> NO_CONTRACT
[885/1752] LU0136240974 -> HISTORICAL_OK SMART rows=90 selected=
[886/1752] LU0136242590 -> HISTORICAL_OK SMART rows=69 selected=
[887/1752] LU0147308422 -> HISTORICAL_OK SMART rows=90 selected=
[888/1752] LU0290356954 -> HISTORICAL_OK SMART rows=90 selected=
[889/1752] LU0290357259 -> HISTORICAL_OK SMART rows=90 selected=
[890/1752] LU0290357846 -> HISTORICAL_OK SMART rows=90 selected=
[891/1752] LU0292109690 -> HISTORICAL_OK SMART rows=90 selected=
[892/1752] LU0321463258 -> NO_CONTRACT
[893/1752] LU0322252924 -> HISTORICAL_OK SMART rows=90 selected=
[894/1752] LU0378435043 -> NO_CONTRACT
[895/1752] LU0411075376 -> HISTORICAL_OK SMART rows=90 selected=
[896/1752] LU0429459356 -> NO_QUOTES  rows=0 selected=
[897/1752] LU0468896575 -> HISTORICAL_OK SMART rows=90 selected=
[898/1752] LU0468897110 -> HISTORICAL_OK SMART rows=90 selected=
[899/1752] LU0478205379 -> HISTORICAL_OK SMART rows=89 selected=
[900/1752] LU0484968812 -> HISTORICAL_OK SMART rows=90 selected=
[901/1752] LU0484969463 -> HISTORICAL_OK SMART rows=90 selected=
[902/1752] LU0490618542 -> NO_QUOTES  rows=0 selected=
[903/1752] LU0494592974 -> HISTORICAL_OK SMART rows=90 selected=
[904/1752] LU0496786574 -> NO_QUOTES  rows=0 selected=
[905/1752] LU0514694370 -> NO_QUOTES  rows=0 selected=
[906/1752] LU0514694701 -> NO_QUOTES  rows=0 selected=
[907/1752] LU0592216393 -> HISTORICAL_OK SMART rows=90 selected=
[908/1752] LU0599612842 -> HISTORICAL_OK SMART rows=71 selected=
[909/1752] LU0599613147 -> HISTORICAL_OK SMART rows=88 selected=
[910/1752] LU0614173549 -> HISTORICAL_OK SMART rows=90 selected=
[911/1752] LU0614173895 -> HISTORICAL_OK SMART rows=90 selected=
[912/1752] LU0629459743 -> HISTORICAL_OK SMART rows=90 selected=
[913/1752] LU0629460675 -> HISTORICAL_OK SMART rows=90 selected=
[914/1752] LU0629460832 -> HISTORICAL_OK SMART rows=90 selected=
[915/1752] LU0643975591 -> HISTORICAL_OK SMART rows=90 selected=
[916/1752] LU0659579733 -> HISTORICAL_OK SMART rows=90 selected=
[917/1752] LU0677077884 -> HISTORICAL_OK SMART rows=90 selected=
[918/1752] LU0690964092 -> HISTORICAL_OK SMART rows=90 selected=
[919/1752] LU0721552544 -> HISTORICAL_OK SMART rows=87 selected=
[920/1752] LU0721552973 -> HISTORICAL_OK SMART rows=66 selected=
[921/1752] LU0838782315 -> HISTORICAL_OK SMART rows=90 selected=
[922/1752] LU0879399441 -> HISTORICAL_OK SMART rows=86 selected=
[923/1752] LU0908501215 -> NO_CONTRACT
[924/1752] LU0908508814 -> HISTORICAL_OK SMART rows=90 selected=
[925/1752] LU0925589839 -> HISTORICAL_OK SMART rows=90 selected=
[926/1752] LU0942970103 -> HISTORICAL_OK SMART rows=90 selected=
[927/1752] LU0950674332 -> HISTORICAL_OK SMART rows=90 selected=
[928/1752] LU0962071741 -> HISTORICAL_OK SMART rows=90 selected=
[929/1752] LU0962078753 -> HISTORICAL_OK SMART rows=90 selected=
[930/1752] LU0994505336 -> HISTORICAL_OK SMART rows=90 selected=
[931/1752] LU1048313891 -> HISTORICAL_OK SMART rows=90 selected=
[932/1752] LU1048313974 -> HISTORICAL_OK SMART rows=88 selected=
[933/1752] LU1048314196 -> HISTORICAL_OK SMART rows=90 selected=
[934/1752] LU1048317025 -> HISTORICAL_OK SMART rows=90 selected=
[935/1752] LU1094612022 -> HISTORICAL_OK SMART rows=90 selected=
[936/1752] LU1237527160 -> NO_CONTRACT
[937/1752] LU1242369327 -> HISTORICAL_OK SMART rows=90 selected=
[938/1752] LU1324516050 -> HISTORICAL_OK SMART rows=90 selected=
[939/1752] LU1399300455 -> HISTORICAL_OK SMART rows=90 selected=
[940/1752] LU1481201702 -> HISTORICAL_OK SMART rows=75 selected=
[941/1752] LU1484799769 -> HISTORICAL_OK SMART rows=90 selected=
[942/1752] LU1563454823 -> HISTORICAL_OK SMART rows=90 selected=
[943/1752] LU1574142243 -> HISTORICAL_OK SMART rows=90 selected=
[944/1752] LU1600334798 -> HISTORICAL_OK SMART rows=89 selected=
[945/1752] LU1602144229 -> NO_CONTRACT
[946/1752] LU1645381689 -> HISTORICAL_OK SMART rows=81 selected=
[947/1752] LU1645385839 -> HISTORICAL_OK SMART rows=85 selected=
[948/1752] LU1645386308 -> HISTORICAL_OK SMART rows=81 selected=
[949/1752] LU1650489898 -> HISTORICAL_OK SMART rows=81 selected=
[950/1752] LU1681041627 -> HISTORICAL_OK SMART rows=90 selected=
[951/1752] LU1686832277 -> HISTORICAL_OK SMART rows=89 selected=
[952/1752] LU1737653714 -> HISTORICAL_OK SMART rows=90 selected=
[953/1752] LU1737654019 -> HISTORICAL_OK SMART rows=74 selected=
[954/1752] LU1772333404 -> HISTORICAL_OK SMART rows=90 selected=
[955/1752] LU1781541096 -> HISTORICAL_OK SMART rows=90 selected=
[956/1752] LU1805389258 -> HISTORICAL_OK SMART rows=88 selected=
[957/1752] LU1953188833 -> HISTORICAL_OK SMART rows=89 selected=
[958/1752] LU1974696418 -> HISTORICAL_OK SMART rows=90 selected=
[959/1752] LU1981859819 -> HISTORICAL_OK SMART rows=83 selected=
[960/1752] LU2082997789 -> HISTORICAL_OK SMART rows=85 selected=
[961/1752] LU2082998837 -> HISTORICAL_OK SMART rows=90 selected=
[962/1752] LU2089238112 -> HISTORICAL_OK SMART rows=90 selected=
[963/1752] LU2089238898 -> HISTORICAL_OK SMART rows=90 selected=
[964/1752] LU2090062949 -> HISTORICAL_OK SMART rows=83 selected=
[965/1752] LU2099293339 -> NO_CONTRACT
[966/1752] LU2099294493 -> NO_CONTRACT
[967/1752] LU2182388749 -> HISTORICAL_OK SMART rows=90 selected=
[968/1752] LU2296661775 -> HISTORICAL_OK SMART rows=90 selected=
[969/1752] LU2300294589 -> HISTORICAL_OK SMART rows=90 selected=
[970/1752] LU2356314745 -> HISTORICAL_OK SMART rows=80 selected=
[971/1752] LU2491211004 -> HISTORICAL_OK SMART rows=39 selected=
[972/1752] LU2611731667 -> HISTORICAL_OK SMART rows=90 selected=
[973/1752] LU2611731741 -> HISTORICAL_OK SMART rows=89 selected=
[974/1752] LU2611732129 -> HISTORICAL_OK SMART rows=89 selected=
[975/1752] LU2611732475 -> HISTORICAL_OK SMART rows=90 selected=
[976/1752] LU2611732558 -> HISTORICAL_OK SMART rows=90 selected=
[977/1752] LU3061478973 -> HISTORICAL_OK SMART rows=90 selected=
[978/1752] LU3086269894 -> NO_QUOTES  rows=0 selected=
[979/1752] LU3152892629 -> HISTORICAL_OK SMART rows=90 selected=
[980/1752] LU3281688120 -> NO_QUOTES  rows=0 selected=
[981/1752] LU3322522163 -> NO_QUOTES  rows=0 selected=
[982/1752] LU3322522247 -> NO_QUOTES  rows=0 selected=
[983/1752] LV0000101129 -> NO_CONTRACT
[984/1752] MHY737604006 -> HISTORICAL_OK SMART rows=70 selected=
[985/1752] MT0000780107 -> NO_QUOTES  rows=0 selected=
[986/1752] MX01LA010006 -> NO_CONTRACT
[987/1752] MX01OR010004 -> HISTORICAL_OK SMART rows=90 selected=
[988/1752] MX01PI000005 -> NO_CONTRACT
[989/1752] MX01SI0C0002 -> NO_CONTRACT
[990/1752] MXP369181377 -> NO_CONTRACT
[991/1752] MXP495211262 -> HISTORICAL_OK SMART rows=90 selected=
[992/1752] MXP4987V1527 -> NO_CONTRACT
[993/1752] MYA004433001 -> NO_QUOTES  rows=0 selected=
[994/1752] MYL0829EA001 -> NO_CONTRACT
[995/1752] MYL9016OO006 -> NO_CONTRACT
[996/1752] MYQ0008OO001 -> NO_CONTRACT
[997/1752] MYQ0116OO002 -> NO_CONTRACT
[998/1752] NL0000238145 -> HISTORICAL_OK SMART rows=87 selected=
[999/1752] NL00150000S7 -> HISTORICAL_OK SMART rows=81 selected=
[1000/1752] NL0015000YE1 -> HISTORICAL_OK SMART rows=90 selected=
[1001/1752] NL0015001KT6 -> HISTORICAL_OK SMART rows=90 selected=
[1002/1752] NL0015002IE0 -> NO_QUOTES  rows=0 selected=
[1003/1752] NL0015002MS2 -> NO_QUOTES  rows=0 selected=
[1004/1752] NL0015002SN0 -> HISTORICAL_OK SMART rows=90 selected=
[1005/1752] NL0015073TS8 -> NO_QUOTES  rows=0 selected=
[1006/1752] NO0003028904 -> NO_CONTRACT
[1007/1752] NO0003054108 -> HISTORICAL_OK SMART rows=90 selected=
[1008/1752] NO0003058109 -> HISTORICAL_OK SMART rows=16 selected=
[1009/1752] NO0003094104 -> NO_CONTRACT
[1010/1752] NO0005638858 -> NO_CONTRACT
[1011/1752] NO0010205966 -> NO_CONTRACT
[1012/1752] NO0010358484 -> HISTORICAL_OK SMART rows=90 selected=
[1013/1752] NO0010360266 -> HISTORICAL_OK SMART rows=90 selected=
[1014/1752] NO0010692130 -> NO_CONTRACT
[1015/1752] NO0010808405 -> NO_CONTRACT
[1016/1752] NO0010808892 -> NO_CONTRACT
[1017/1752] NO0010811961 -> NO_CONTRACT
[1018/1752] NO0010859648 -> HISTORICAL_OK SMART rows=3 selected=
[1019/1752] NO0010861115 -> HISTORICAL_OK SMART rows=24 selected=
[1020/1752] NO0010876642 -> HISTORICAL_OK SMART rows=81 selected=
[1021/1752] NO0010884794 -> NO_CONTRACT
[1022/1752] NO0010890965 -> HISTORICAL_OK SMART rows=90 selected=
[1023/1752] NO0010892912 -> HISTORICAL_OK SMART rows=5 selected=
[1024/1752] NO0010893902 -> NO_QUOTES  rows=0 selected=
[1025/1752] NO0011002586 -> HISTORICAL_OK SMART rows=79 selected=
[1026/1752] NO0011002651 -> NO_QUOTES  rows=0 selected=
[1027/1752] NO0011016040 -> NO_CONTRACT
[1028/1752] NO0012483207 -> NO_CONTRACT
[1029/1752] NO0012535832 -> NO_CONTRACT
[1030/1752] NO0012706763 -> NO_CONTRACT
[1031/1752] NO0012780958 -> NO_QUOTES  rows=0 selected=
[1032/1752] NO0012928805 -> HISTORICAL_OK SMART rows=7 selected=
[1033/1752] NO0013524942 -> HISTORICAL_OK SMART rows=6 selected=
[1034/1752] NO0013601245 -> NO_QUOTES  rows=0 selected=
[1035/1752] NO0013696799 -> HISTORICAL_OK SMART rows=13 selected=
[1036/1752] NO0013721613 -> HISTORICAL_OK SMART rows=90 selected=
[1037/1752] NO0013751966 -> HISTORICAL_OK SMART rows=90 selected=
[1038/1752] NZMFTE0001S9 -> HISTORICAL_OK SMART rows=90 selected=
[1039/1752] NZSCLE0002S8 -> HISTORICAL_OK SMART rows=90 selected=
[1040/1752] PL11BTS00015 -> HISTORICAL_OK SMART rows=90 selected=
[1041/1752] PLAGORA00067 -> HISTORICAL_OK SMART rows=90 selected=
[1042/1752] PLAMICA00010 -> NO_CONTRACT
[1043/1752] PLANSWR00019 -> HISTORICAL_OK SMART rows=90 selected=
[1044/1752] PLAPATR00018 -> NO_CONTRACT
[1045/1752] PLAQUA000014 -> NO_CONTRACT
[1046/1752] PLARTPR00012 -> NO_QUOTES  rows=0 selected=
[1047/1752] PLBCLTX00019 -> NO_CONTRACT
[1048/1752] PLBGZ0000010 -> NO_CONTRACT
[1049/1752] PLBIOMX00015 -> NO_CONTRACT
[1050/1752] PLBIOPL00013 -> NO_CONTRACT
[1051/1752] PLBIOTN00029 -> NO_CONTRACT
[1052/1752] PLBOS0000019 -> NO_CONTRACT
[1053/1752] PLCNSLB00012 -> NO_CONTRACT
[1054/1752] PLCRTCH00017 -> NO_CONTRACT
[1055/1752] PLCSPAM00017 -> NO_CONTRACT
[1056/1752] PLCVTNH00040 -> NO_CONTRACT
[1057/1752] PLDADEL00013 -> NO_CONTRACT
[1058/1752] PLDEBCA00016 -> NO_CONTRACT
[1059/1752] PLDRG0000013 -> NO_CONTRACT
[1060/1752] PLDTLGM00019 -> NO_CONTRACT
[1061/1752] PLENTER00017 -> NO_CONTRACT
[1062/1752] PLERBUD00012 -> NO_CONTRACT
[1063/1752] PLESTHN00018 -> NO_CONTRACT
[1064/1752] PLFAMUR00012 -> NO_CONTRACT
[1065/1752] PLFORTE00012 -> NO_CONTRACT
[1066/1752] PLFRMGR00015 -> NO_CONTRACT
[1067/1752] PLGEOTR00010 -> NO_CONTRACT
[1068/1752] PLGLBLC00011 -> NO_CONTRACT
[1069/1752] PLGMNGF00017 -> NO_CONTRACT
[1070/1752] PLGMSOP00019 -> NO_CONTRACT
[1071/1752] PLGPW0000017 -> HISTORICAL_OK SMART rows=90 selected=
[1072/1752] PLGRMID00019 -> NO_CONTRACT
[1073/1752] PLGTC0000037 -> HISTORICAL_OK SMART rows=90 selected=
[1074/1752] PLHOTB000011 -> HISTORICAL_OK SMART rows=88 selected=
[1075/1752] PLICI0000010 -> NO_CONTRACT
[1076/1752] PLIMGPW00013 -> NO_CONTRACT
[1077/1752] PLJRSDB00015 -> NO_CONTRACT
[1078/1752] PLLCCRP00017 -> NO_CONTRACT
[1079/1752] PLMCIMG00012 -> NO_CONTRACT
[1080/1752] PLMNNCP00011 -> NO_CONTRACT
[1081/1752] PLMPAY000017 -> NO_CONTRACT
[1082/1752] PLNCTLC00018 -> NO_CONTRACT
[1083/1752] PLNEWAG00012 -> NO_CONTRACT
[1084/1752] PLPCCEX00010 -> NO_CONTRACT
[1085/1752] PLPRIPK00018 -> NO_CONTRACT
[1086/1752] PLPSSUS00018 -> NO_CONTRACT
[1087/1752] PLPZU0000011 -> HISTORICAL_OK SMART rows=90 selected=
[1088/1752] PLROCCA00013 -> NO_CONTRACT
[1089/1752] PLSCPFL00018 -> NO_CONTRACT
[1090/1752] PLSELNA00010 -> NO_CONTRACT
[1091/1752] PLSELVT00013 -> NO_CONTRACT
[1092/1752] PLSNKTK00019 -> NO_CONTRACT
[1093/1752] PLSNZKA00033 -> NO_CONTRACT
[1094/1752] PLSTIGR00012 -> NO_CONTRACT
[1095/1752] PLSTLSK00016 -> NO_CONTRACT
[1096/1752] PLTBULL00024 -> NO_CONTRACT
[1097/1752] PLTLKPL00017 -> HISTORICAL_OK SMART rows=90 selected=
[1098/1752] PLWDPCK00017 -> NO_CONTRACT
[1099/1752] PLZAPUL00057 -> NO_CONTRACT
[1100/1752] PLZCPLC00036 -> NO_CONTRACT
[1101/1752] PLZEPAK00012 -> NO_CONTRACT
[1102/1752] PTSCB0AM0001 -> NO_QUOTES  rows=0 selected=
[1103/1752] QQ00BWQGF777 -> NO_CONTRACT
[1104/1752] ROENPCACNOR7 -> NO_CONTRACT
[1105/1752] SE0000106205 -> NO_QUOTES  rows=0 selected=
[1106/1752] SE0000106270 -> NO_QUOTES  rows=0 selected=
[1107/1752] SE0000107203 -> NO_QUOTES  rows=0 selected=
[1108/1752] SE0000108201 -> NO_QUOTES  rows=0 selected=
[1109/1752] SE0000108227 -> NO_QUOTES  rows=0 selected=
[1110/1752] SE0000108649 -> NO_QUOTES  rows=0 selected=
[1111/1752] SE0000108656 -> NO_QUOTES  rows=0 selected=
[1112/1752] SE0000108847 -> NO_QUOTES  rows=0 selected=
[1113/1752] SE0000111940 -> NO_QUOTES  rows=0 selected=
[1114/1752] SE0000112252 -> NO_QUOTES  rows=0 selected=
[1115/1752] SE0000112724 -> NO_QUOTES  rows=0 selected=
[1116/1752] SE0000113250 -> NO_QUOTES  rows=0 selected=
[1117/1752] SE0000114837 -> NO_QUOTES  rows=0 selected=
[1118/1752] SE0000115420 -> NO_QUOTES  rows=0 selected=
[1119/1752] SE0000115446 -> NO_QUOTES  rows=0 selected=
[1120/1752] SE0000117970 -> NO_QUOTES  rows=0 selected=
[1121/1752] SE0000120669 -> NO_QUOTES  rows=0 selected=
[1122/1752] SE0000120784 -> NO_QUOTES  rows=0 selected=
[1123/1752] SE0000123671 -> NO_QUOTES  rows=0 selected=
[1124/1752] SE0000135485 -> NO_QUOTES  rows=0 selected=
[1125/1752] SE0000148884 -> NO_QUOTES  rows=0 selected=
[1126/1752] SE0000163594 -> NO_QUOTES  rows=0 selected=
[1127/1752] SE0000163628 -> NO_QUOTES  rows=0 selected=
[1128/1752] SE0000170375 -> NO_QUOTES  rows=0 selected=
[1129/1752] SE0000171100 -> NO_QUOTES  rows=0 selected=
[1130/1752] SE0000171886 -> NO_QUOTES  rows=0 selected=
[1131/1752] SE0000188518 -> NO_QUOTES  rows=0 selected=
[1132/1752] SE0000195810 -> NO_QUOTES  rows=0 selected=
[1133/1752] SE0000201253 -> NO_QUOTES  rows=0 selected=
[1134/1752] SE0000202624 -> NO_QUOTES  rows=0 selected=
[1135/1752] SE0000233934 -> NO_QUOTES  rows=0 selected=
[1136/1752] SE0000236382 -> NO_QUOTES  rows=0 selected=
[1137/1752] SE0000242455 -> NO_QUOTES  rows=0 selected=
[1138/1752] SE0000323305 -> NO_QUOTES  rows=0 selected=
[1139/1752] SE0000331266 -> NO_QUOTES  rows=0 selected=
[1140/1752] SE0000366098 -> NO_QUOTES  rows=0 selected=
[1141/1752] SE0000379190 -> NO_QUOTES  rows=0 selected=
[1142/1752] SE0000407991 -> NO_QUOTES  rows=0 selected=
[1143/1752] SE0000421273 -> NO_QUOTES  rows=0 selected=
[1144/1752] SE0000514705 -> NO_CONTRACT
[1145/1752] SE0000565228 -> NO_QUOTES  rows=0 selected=
[1146/1752] SE0000567539 -> NO_QUOTES  rows=0 selected=
[1147/1752] SE0000584948 -> NO_QUOTES  rows=0 selected=
[1148/1752] SE0000616716 -> NO_QUOTES  rows=0 selected=
[1149/1752] SE0000648669 -> NO_CONTRACT
[1150/1752] SE0000653230 -> NO_QUOTES  rows=0 selected=
[1151/1752] SE0000667891 -> NO_QUOTES  rows=0 selected=
[1152/1752] SE0000667925 -> HISTORICAL_OK SMART rows=90 selected=
[1153/1752] SE0000683484 -> NO_QUOTES  rows=0 selected=
[1154/1752] SE0000695876 -> NO_QUOTES  rows=0 selected=
[1155/1752] SE0000736415 -> NO_QUOTES  rows=0 selected=
[1156/1752] SE0000806994 -> NO_QUOTES  rows=0 selected=
[1157/1752] SE0000825820 -> NO_QUOTES  rows=0 selected=
[1158/1752] SE0000862997 -> NO_QUOTES  rows=0 selected=
[1159/1752] SE0000872095 -> NO_QUOTES  rows=0 selected=
[1160/1752] SE0000936478 -> NO_QUOTES  rows=0 selected=
[1161/1752] SE0001075102 -> NO_CONTRACT
[1162/1752] SE0001161654 -> NO_QUOTES  rows=0 selected=
[1163/1752] SE0001200015 -> NO_QUOTES  rows=0 selected=
[1164/1752] SE0001338039 -> NO_QUOTES  rows=0 selected=
[1165/1752] SE0001552357 -> NO_QUOTES  rows=0 selected=
[1166/1752] SE0001634262 -> NO_QUOTES  rows=0 selected=
[1167/1752] SE0001662222 -> NO_QUOTES  rows=0 selected=
[1168/1752] SE0001662230 -> NO_QUOTES  rows=0 selected=
[1169/1752] SE0001824004 -> NO_QUOTES  rows=0 selected=
[1170/1752] SE0001852419 -> NO_QUOTES  rows=0 selected=
[1171/1752] SE0002016352 -> NO_QUOTES  rows=0 selected=
[1172/1752] SE0002095604 -> NO_CONTRACT
[1173/1752] SE0002110064 -> NO_QUOTES  rows=0 selected=
[1174/1752] SE0002148817 -> NO_QUOTES  rows=0 selected=
[1175/1752] SE0002480442 -> NO_QUOTES  rows=0 selected=
[1176/1752] SE0002485979 -> NO_QUOTES  rows=0 selected=
[1177/1752] SE0002591420 -> NO_QUOTES  rows=0 selected=
[1178/1752] SE0002626861 -> NO_QUOTES  rows=0 selected=
[1179/1752] SE0003086214 -> NO_QUOTES  rows=0 selected=
[1180/1752] SE0003273531 -> NO_CONTRACT
[1181/1752] SE0003303627 -> NO_QUOTES  rows=0 selected=
[1182/1752] SE0003491562 -> NO_QUOTES  rows=0 selected=
[1183/1752] SE0003756758 -> NO_QUOTES  rows=0 selected=
[1184/1752] SE0003815604 -> NO_QUOTES  rows=0 selected=
[1185/1752] SE0003849223 -> NO_QUOTES  rows=0 selected=
[1186/1752] SE0004840718 -> NO_QUOTES  rows=0 selected=
[1187/1752] SE0004898799 -> NO_QUOTES  rows=0 selected=
[1188/1752] SE0004899474 -> NO_QUOTES  rows=0 selected=
[1189/1752] SE0005127818 -> NO_QUOTES  rows=0 selected=
[1190/1752] SE0005162880 -> NO_QUOTES  rows=0 selected=
[1191/1752] SE0005190238 -> NO_QUOTES  rows=0 selected=
[1192/1752] SE0005308541 -> NO_QUOTES  rows=0 selected=
[1193/1752] SE0005308558 -> NO_QUOTES  rows=0 selected=
[1194/1752] SE0005365095 -> NO_QUOTES  rows=0 selected=
[1195/1752] SE0005365681 -> NO_QUOTES  rows=0 selected=
[1196/1752] SE0005562014 -> NO_CONTRACT
[1197/1752] SE0005624756 -> NO_QUOTES  rows=0 selected=
[1198/1752] SE0005676103 -> NO_QUOTES  rows=0 selected=
[1199/1752] SE0005794617 -> NO_QUOTES  rows=0 selected=
[1200/1752] SE0005851706 -> NO_CONTRACT
[1201/1752] SE0005877560 -> NO_QUOTES  rows=0 selected=
[1202/1752] SE0005878741 -> NO_QUOTES  rows=0 selected=
[1203/1752] SE0005881786 -> NO_QUOTES  rows=0 selected=
[1204/1752] SE0005992831 -> NO_QUOTES  rows=0 selected=
[1205/1752] SE0005999760 -> NO_QUOTES  rows=0 selected=
[1206/1752] SE0005999836 -> NO_QUOTES  rows=0 selected=
[1207/1752] SE0006219473 -> NO_QUOTES  rows=0 selected=
[1208/1752] SE0006220018 -> NO_QUOTES  rows=0 selected=
[1209/1752] SE0006260865 -> NO_QUOTES  rows=0 selected=
[1210/1752] SE0006261046 -> NO_QUOTES  rows=0 selected=
[1211/1752] SE0006288015 -> NO_QUOTES  rows=0 selected=
[1212/1752] SE0006342333 -> NO_QUOTES  rows=0 selected=
[1213/1752] SE0006343745 -> NO_QUOTES  rows=0 selected=
[1214/1752] SE0006371126 -> NO_QUOTES  rows=0 selected=
[1215/1752] SE0006422390 -> NO_QUOTES  rows=0 selected=
[1216/1752] SE0006425815 -> NO_QUOTES  rows=0 selected=
[1217/1752] SE0006509949 -> NO_QUOTES  rows=0 selected=
[1218/1752] SE0006625471 -> NO_QUOTES  rows=0 selected=
[1219/1752] SE0006758587 -> NO_QUOTES  rows=0 selected=
[1220/1752] SE0006887063 -> NO_QUOTES  rows=0 selected=
[1221/1752] SE0006993770 -> NO_QUOTES  rows=0 selected=
[1222/1752] SE0006994943 -> NO_QUOTES  rows=0 selected=
[1223/1752] SE0007074166 -> NO_QUOTES  rows=0 selected=
[1224/1752] SE0007074281 -> NO_QUOTES  rows=0 selected=
[1225/1752] SE0007075056 -> NO_QUOTES  rows=0 selected=
[1226/1752] SE0007100342 -> NO_CONTRACT
[1227/1752] SE0007100359 -> NO_QUOTES  rows=0 selected=
[1228/1752] SE0007100607 -> NO_QUOTES  rows=0 selected=
[1229/1752] SE0007158118 -> NO_QUOTES  rows=0 selected=
[1230/1752] SE0007158829 -> NO_QUOTES  rows=0 selected=
[1231/1752] SE0007158910 -> NO_QUOTES  rows=0 selected=
[1232/1752] SE0007277876 -> NO_QUOTES  rows=0 selected=
[1233/1752] SE0007280326 -> NO_QUOTES  rows=0 selected=
[1234/1752] SE0007387089 -> NO_CONTRACT
[1235/1752] SE0007387246 -> NO_QUOTES  rows=0 selected=
[1236/1752] SE0007413455 -> NO_QUOTES  rows=0 selected=
[1237/1752] SE0007464862 -> NO_CONTRACT
[1238/1752] SE0007491303 -> NO_QUOTES  rows=0 selected=
[1239/1752] SE0007577895 -> NO_QUOTES  rows=0 selected=
[1240/1752] SE0007614722 -> NO_QUOTES  rows=0 selected=
[1241/1752] SE0007640156 -> NO_QUOTES  rows=0 selected=
[1242/1752] SE0007666110 -> NO_QUOTES  rows=0 selected=
[1243/1752] SE0007691613 -> NO_QUOTES  rows=0 selected=
[1244/1752] SE0007692850 -> NO_QUOTES  rows=0 selected=
[1245/1752] SE0007756903 -> NO_QUOTES  rows=0 selected=
[1246/1752] SE0007871363 -> NO_QUOTES  rows=0 selected=
[1247/1752] SE0007897079 -> NO_QUOTES  rows=0 selected=
[1248/1752] SE0008040653 -> NO_QUOTES  rows=0 selected=
[1249/1752] SE0008091581 -> NO_QUOTES  rows=0 selected=
[1250/1752] SE0008091664 -> NO_QUOTES  rows=0 selected=
[1251/1752] SE0008216303 -> NO_QUOTES  rows=0 selected=
[1252/1752] SE0008241491 -> NO_QUOTES  rows=0 selected=
[1253/1752] SE0008294953 -> NO_QUOTES  rows=0 selected=
[1254/1752] SE0008347660 -> NO_QUOTES  rows=0 selected=
[1255/1752] SE0008348304 -> NO_QUOTES  rows=0 selected=
[1256/1752] SE0008374383 -> NO_QUOTES  rows=0 selected=
[1257/1752] SE0008613731 -> NO_QUOTES  rows=0 selected=
[1258/1752] SE0009143662 -> NO_QUOTES  rows=0 selected=
[1259/1752] SE0009155518 -> NO_QUOTES  rows=0 selected=
[1260/1752] SE0009160872 -> NO_QUOTES  rows=0 selected=
[1261/1752] SE0009216278 -> NO_QUOTES  rows=0 selected=
[1262/1752] SE0009242175 -> NO_QUOTES  rows=0 selected=
[1263/1752] SE0009242324 -> NO_QUOTES  rows=0 selected=
[1264/1752] SE0009242654 -> NO_QUOTES  rows=0 selected=
[1265/1752] SE0009268279 -> NO_QUOTES  rows=0 selected=
[1266/1752] SE0009268717 -> NO_QUOTES  rows=0 selected=
[1267/1752] SE0009269467 -> NO_QUOTES  rows=0 selected=
[1268/1752] SE0009414576 -> NO_QUOTES  rows=0 selected=
[1269/1752] SE0009554454 -> NO_QUOTES  rows=0 selected=
[1270/1752] SE0009663826 -> NO_QUOTES  rows=0 selected=
[1271/1752] SE0009664188 -> NO_QUOTES  rows=0 selected=
[1272/1752] SE0009697220 -> NO_QUOTES  rows=0 selected=
[1273/1752] SE0009723125 -> NO_QUOTES  rows=0 selected=
[1274/1752] SE0009778848 -> NO_QUOTES  rows=0 selected=
[1275/1752] SE0009806284 -> NO_QUOTES  rows=0 selected=
[1276/1752] SE0009806607 -> NO_QUOTES  rows=0 selected=
[1277/1752] SE0009807266 -> NO_QUOTES  rows=0 selected=
[1278/1752] SE0009858152 -> NO_QUOTES  rows=0 selected=
[1279/1752] SE0009888738 -> NO_QUOTES  rows=0 selected=
[1280/1752] SE0009920994 -> NO_QUOTES  rows=0 selected=
[1281/1752] SE0009921588 -> NO_QUOTES  rows=0 selected=
[1282/1752] SE0009922156 -> NO_QUOTES  rows=0 selected=
[1283/1752] SE0009973563 -> NO_QUOTES  rows=0 selected=
[1284/1752] SE0010048884 -> NO_QUOTES  rows=0 selected=
[1285/1752] SE0010100958 -> NO_QUOTES  rows=0 selected=
[1286/1752] SE0010133785 -> NO_QUOTES  rows=0 selected=
[1287/1752] SE0010323311 -> NO_QUOTES  rows=0 selected=
[1288/1752] SE0010323998 -> NO_QUOTES  rows=0 selected=
[1289/1752] SE0010414615 -> NO_CONTRACT
[1290/1752] SE0010415281 -> NO_QUOTES  rows=0 selected=
[1291/1752] SE0010468116 -> NO_QUOTES  rows=0 selected=
[1292/1752] SE0010468124 -> NO_QUOTES  rows=0 selected=
[1293/1752] SE0010520155 -> NO_CONTRACT
[1294/1752] SE0010546242 -> NO_QUOTES  rows=0 selected=
[1295/1752] SE0010547786 -> NO_QUOTES  rows=0 selected=
[1296/1752] SE0010662585 -> HISTORICAL_OK SMART rows=90 selected=
[1297/1752] SE0010832204 -> NO_QUOTES  rows=0 selected=
[1298/1752] SE0010832287 -> NO_QUOTES  rows=0 selected=
[1299/1752] SE0010948588 -> NO_QUOTES  rows=0 selected=
[1300/1752] SE0010948711 -> NO_QUOTES  rows=0 selected=
[1301/1752] SE0010985028 -> NO_QUOTES  rows=0 selected=
[1302/1752] SE0011090000 -> NO_QUOTES  rows=0 selected=
[1303/1752] SE0011090018 -> NO_QUOTES  rows=0 selected=
[1304/1752] SE0011090547 -> NO_QUOTES  rows=0 selected=
[1305/1752] SE0011166974 -> NO_QUOTES  rows=0 selected=
[1306/1752] SE0011167170 -> NO_QUOTES  rows=0 selected=
[1307/1752] SE0011281757 -> NO_QUOTES  rows=0 selected=
[1308/1752] SE0011311554 -> NO_QUOTES  rows=0 selected=
[1309/1752] SE0011337708 -> NO_QUOTES  rows=0 selected=
[1310/1752] SE0011415595 -> NO_CONTRACT
[1311/1752] SE0011415710 -> NO_CONTRACT
[1312/1752] SE0011528017 -> NO_QUOTES  rows=0 selected=
[1313/1752] SE0011644376 -> NO_QUOTES  rows=0 selected=
[1314/1752] SE0011725084 -> NO_QUOTES  rows=0 selected=
[1315/1752] SE0011870195 -> NO_QUOTES  rows=0 selected=
[1316/1752] SE0012040459 -> NO_CONTRACT
[1317/1752] SE0012065589 -> NO_QUOTES  rows=0 selected=
[1318/1752] SE0012116390 -> NO_QUOTES  rows=0 selected=
[1319/1752] SE0012323715 -> NO_QUOTES  rows=0 selected=
[1320/1752] SE0012454072 -> NO_QUOTES  rows=0 selected=
[1321/1752] SE0012570448 -> NO_QUOTES  rows=0 selected=
[1322/1752] SE0012673267 -> NO_QUOTES  rows=0 selected=
[1323/1752] SE0012675361 -> NO_QUOTES  rows=0 selected=
[1324/1752] SE0012729366 -> NO_QUOTES  rows=0 selected=
[1325/1752] SE0012853455 -> NO_QUOTES  rows=0 selected=
[1326/1752] SE0012904803 -> NO_QUOTES  rows=0 selected=
[1327/1752] SE0013382066 -> NO_QUOTES  rows=0 selected=
[1328/1752] SE0013512464 -> NO_QUOTES  rows=0 selected=
[1329/1752] SE0013647385 -> NO_QUOTES  rows=0 selected=
[1330/1752] SE0013719077 -> NO_QUOTES  rows=0 selected=
[1331/1752] SE0013747870 -> NO_QUOTES  rows=0 selected=
[1332/1752] SE0013888831 -> NO_QUOTES  rows=0 selected=
[1333/1752] SE0014035762 -> NO_QUOTES  rows=0 selected=
[1334/1752] SE0014401378 -> NO_QUOTES  rows=0 selected=
[1335/1752] SE0014428512 -> NO_QUOTES  rows=0 selected=
[1336/1752] SE0014428835 -> NO_QUOTES  rows=0 selected=
[1337/1752] SE0014504817 -> NO_QUOTES  rows=0 selected=
[1338/1752] SE0014583332 -> NO_QUOTES  rows=0 selected=
[1339/1752] SE0014608915 -> NO_QUOTES  rows=0 selected=
[1340/1752] SE0014704763 -> NO_CONTRACT
[1341/1752] SE0014781795 -> NO_QUOTES  rows=0 selected=
[1342/1752] SE0014829271 -> NO_QUOTES  rows=0 selected=
[1343/1752] SE0014855029 -> NO_QUOTES  rows=0 selected=
[1344/1752] SE0014990966 -> NO_QUOTES  rows=0 selected=
[1345/1752] SE0015191911 -> NO_QUOTES  rows=0 selected=
[1346/1752] SE0015192067 -> NO_QUOTES  rows=0 selected=
[1347/1752] SE0015195888 -> NO_CONTRACT
[1348/1752] SE0015245535 -> NO_QUOTES  rows=0 selected=
[1349/1752] SE0015346135 -> NO_QUOTES  rows=0 selected=
[1350/1752] SE0015382072 -> NO_CONTRACT
[1351/1752] SE0015382080 -> NO_QUOTES  rows=0 selected=
[1352/1752] SE0015382148 -> NO_CONTRACT
[1353/1752] SE0015504097 -> NO_QUOTES  rows=0 selected=
[1354/1752] SE0015504477 -> NO_QUOTES  rows=0 selected=
[1355/1752] SE0015657788 -> NO_QUOTES  rows=0 selected=
[1356/1752] SE0015657853 -> NO_QUOTES  rows=0 selected=
[1357/1752] SE0015657895 -> NO_CONTRACT
[1358/1752] SE0015658109 -> NO_QUOTES  rows=0 selected=
[1359/1752] SE0015658117 -> NO_QUOTES  rows=0 selected=
[1360/1752] SE0015659834 -> NO_QUOTES  rows=0 selected=
[1361/1752] SE0015671995 -> NO_QUOTES  rows=0 selected=
[1362/1752] SE0015809967 -> NO_CONTRACT
[1363/1752] SE0015810817 -> NO_QUOTES  rows=0 selected=
[1364/1752] SE0015811955 -> NO_QUOTES  rows=0 selected=
[1365/1752] SE0015811963 -> NO_QUOTES  rows=0 selected=
[1366/1752] SE0015812128 -> NO_QUOTES  rows=0 selected=
[1367/1752] SE0015812417 -> NO_QUOTES  rows=0 selected=
[1368/1752] SE0015812524 -> NO_CONTRACT
[1369/1752] SE0015949037 -> NO_QUOTES  rows=0 selected=
[1370/1752] SE0015949201 -> NO_QUOTES  rows=0 selected=
[1371/1752] SE0015949433 -> NO_QUOTES  rows=0 selected=
[1372/1752] SE0015949748 -> NO_QUOTES  rows=0 selected=
[1373/1752] SE0015949946 -> NO_QUOTES  rows=0 selected=
[1374/1752] SE0015950399 -> NO_QUOTES  rows=0 selected=
[1375/1752] SE0015960935 -> NO_QUOTES  rows=0 selected=
[1376/1752] SE0015961222 -> NO_QUOTES  rows=0 selected=
[1377/1752] SE0015961404 -> NO_QUOTES  rows=0 selected=
[1378/1752] SE0015961826 -> NO_CONTRACT
[1379/1752] SE0015961909 -> NO_QUOTES  rows=0 selected=
[1380/1752] SE0015961982 -> NO_QUOTES  rows=0 selected=
[1381/1752] SE0015962097 -> NO_QUOTES  rows=0 selected=
[1382/1752] SE0015962147 -> NO_QUOTES  rows=0 selected=
[1383/1752] SE0015962477 -> NO_QUOTES  rows=0 selected=
[1384/1752] SE0015962485 -> NO_QUOTES  rows=0 selected=
[1385/1752] SE0015988167 -> NO_QUOTES  rows=0 selected=
[1386/1752] SE0015988274 -> NO_QUOTES  rows=0 selected=
[1387/1752] SE0015988373 -> NO_QUOTES  rows=0 selected=
[1388/1752] SE0016074249 -> NO_QUOTES  rows=0 selected=
[1389/1752] SE0016075063 -> NO_CONTRACT
[1390/1752] SE0016075246 -> NO_QUOTES  rows=0 selected=
[1391/1752] SE0016101679 -> NO_QUOTES  rows=0 selected=
[1392/1752] SE0016101844 -> NO_QUOTES  rows=0 selected=
[1393/1752] SE0016128151 -> NO_QUOTES  rows=0 selected=
[1394/1752] SE0016276539 -> NO_QUOTES  rows=0 selected=
[1395/1752] SE0016276851 -> NO_QUOTES  rows=0 selected=
[1396/1752] SE0016278154 -> NO_QUOTES  rows=0 selected=
[1397/1752] SE0016588867 -> NO_QUOTES  rows=0 selected=
[1398/1752] SE0016609499 -> HISTORICAL_OK SMART rows=90 selected=
[1399/1752] SE0016609846 -> NO_QUOTES  rows=0 selected=
[1400/1752] SE0016785786 -> NO_QUOTES  rows=0 selected=
[1401/1752] SE0016786040 -> NO_QUOTES  rows=0 selected=
[1402/1752] SE0016787071 -> NO_QUOTES  rows=0 selected=
[1403/1752] SE0016787279 -> NO_QUOTES  rows=0 selected=
[1404/1752] SE0016797732 -> NO_QUOTES  rows=0 selected=
[1405/1752] SE0016798417 -> NO_QUOTES  rows=0 selected=
[1406/1752] SE0016798763 -> NO_QUOTES  rows=0 selected=
[1407/1752] SE0016799068 -> NO_QUOTES  rows=0 selected=
[1408/1752] SE0016829469 -> NO_QUOTES  rows=0 selected=
[1409/1752] SE0016829501 -> NO_QUOTES  rows=0 selected=
[1410/1752] SE0016829709 -> NO_QUOTES  rows=0 selected=
[1411/1752] SE0016833149 -> NO_QUOTES  rows=0 selected=
[1412/1752] SE0017082514 -> NO_QUOTES  rows=0 selected=
[1413/1752] SE0017083272 -> NO_QUOTES  rows=0 selected=
[1414/1752] SE0017083835 -> NO_QUOTES  rows=0 selected=
[1415/1752] SE0017084361 -> NO_QUOTES  rows=0 selected=
[1416/1752] SE0017105620 -> NO_QUOTES  rows=0 selected=
[1417/1752] SE0017131071 -> NO_CONTRACT
[1418/1752] SE0017131329 -> NO_CONTRACT
[1419/1752] SE0017131824 -> NO_QUOTES  rows=0 selected=
[1420/1752] SE0017134125 -> NO_QUOTES  rows=0 selected=
[1421/1752] SE0017160773 -> NO_QUOTES  rows=0 selected=
[1422/1752] SE0017161458 -> NO_QUOTES  rows=0 selected=
[1423/1752] SE0017232838 -> NO_QUOTES  rows=0 selected=
[1424/1752] SE0017483175 -> NO_CONTRACT
[1425/1752] SE0017483506 -> NO_QUOTES  rows=0 selected=
[1426/1752] SE0017486889 -> NO_QUOTES  rows=0 selected=
[1427/1752] SE0017486897 -> NO_QUOTES  rows=0 selected=
[1428/1752] SE0017487242 -> NO_QUOTES  rows=0 selected=
[1429/1752] SE0017562523 -> NO_QUOTES  rows=0 selected=
[1430/1752] SE0017564461 -> NO_QUOTES  rows=0 selected=
[1431/1752] SE0017564800 -> NO_QUOTES  rows=0 selected=
[1432/1752] SE0017565476 -> NO_QUOTES  rows=0 selected=
[1433/1752] SE0017615784 -> NO_QUOTES  rows=0 selected=
[1434/1752] SE0017766843 -> NO_QUOTES  rows=0 selected=
[1435/1752] SE0017767031 -> NO_QUOTES  rows=0 selected=
[1436/1752] SE0017769847 -> NO_QUOTES  rows=0 selected=
[1437/1752] SE0017780133 -> NO_QUOTES  rows=0 selected=
[1438/1752] SE0017832488 -> NO_QUOTES  rows=0 selected=
[1439/1752] SE0017833171 -> NO_QUOTES  rows=0 selected=
[1440/1752] SE0017885767 -> NO_QUOTES  rows=0 selected=
[1441/1752] SE0017911480 -> NO_QUOTES  rows=0 selected=
[1442/1752] SE0018012494 -> NO_QUOTES  rows=0 selected=
[1443/1752] SE0018012635 -> NO_QUOTES  rows=0 selected=
[1444/1752] SE0018013658 -> NO_QUOTES  rows=0 selected=
[1445/1752] SE0018013849 -> HISTORICAL_OK SMART rows=90 selected=
[1446/1752] SE0018013922 -> NO_CONTRACT
[1447/1752] SE0018014060 -> NO_QUOTES  rows=0 selected=
[1448/1752] SE0018014151 -> NO_QUOTES  rows=0 selected=
[1449/1752] SE0018040677 -> NO_QUOTES  rows=0 selected=
[1450/1752] SE0018040883 -> NO_QUOTES  rows=0 selected=
[1451/1752] SE0018397184 -> NO_QUOTES  rows=0 selected=
[1452/1752] SE0019070749 -> NO_CONTRACT
[1453/1752] SE0019072158 -> NO_QUOTES  rows=0 selected=
[1454/1752] SE0019174194 -> NO_CONTRACT
[1455/1752] SE0020050417 -> NO_QUOTES  rows=0 selected=
[1456/1752] SE0021148160 -> HISTORICAL_OK SMART rows=90 selected=
[1457/1752] SE0021309614 -> HISTORICAL_OK SMART rows=90 selected=
[1458/1752] SE0021486156 -> NO_QUOTES  rows=0 selected=
[1459/1752] SE0023595459 -> HISTORICAL_OK SMART rows=90 selected=
[1460/1752] SE0024320832 -> NO_QUOTES  rows=0 selected=
[1461/1752] SE0025010671 -> NO_QUOTES  rows=0 selected=
[1462/1752] SE0025011554 -> NO_QUOTES  rows=0 selected=
[1463/1752] SE0025420714 -> HISTORICAL_OK SMART rows=90 selected=
[1464/1752] SE0025940513 -> NO_QUOTES  rows=0 selected=
[1465/1752] SE0026141665 -> NO_CONTRACT
[1466/1752] SE0026821373 -> NO_CONTRACT
[1467/1752] SE0027099078 -> HISTORICAL_OK SMART rows=90 selected=
[1468/1752] SE0027099326 -> HISTORICAL_OK SMART rows=90 selected=
[1469/1752] SE0027597691 -> HISTORICAL_OK SMART rows=90 selected=
[1470/1752] SE0028778613 -> NO_CONTRACT
[1471/1752] SE0028799429 -> NO_QUOTES  rows=0 selected=
[1472/1752] SE0029530138 -> HISTORICAL_OK SMART rows=92 selected=
[1473/1752] SG1B51001017 -> HISTORICAL_OK SMART rows=90 selected=
[1474/1752] SG1BA2000002 -> NO_CONTRACT
[1475/1752] SG1BB8000004 -> NO_CONTRACT
[1476/1752] SG1CE4000000 -> NO_CONTRACT
[1477/1752] SG1CI0000005 -> NO_CONTRACT
[1478/1752] SG1DC0000006 -> NO_CONTRACT
[1479/1752] SG1EB6000000 -> NO_CONTRACT
[1480/1752] SG1F76860344 -> NO_CONTRACT
[1481/1752] SG1G47869290 -> NO_CONTRACT
[1482/1752] SG1I53882771 -> HISTORICAL_OK SMART rows=90 selected=
[1483/1752] SG1J21887414 -> NO_CONTRACT
[1484/1752] SG1J49001550 -> NO_CONTRACT
[1485/1752] SG1M49904634 -> NO_CONTRACT
[1486/1752] SG1M91002014 -> NO_CONTRACT
[1487/1752] SG1Q02920318 -> NO_CONTRACT
[1488/1752] SG1Q52922370 -> NO_CONTRACT
[1489/1752] SG1R50925390 -> HISTORICAL_OK SMART rows=90 selected=
[1490/1752] SG1R89002252 -> HISTORICAL_OK SMART rows=90 selected=
[1491/1752] SG1S76928401 -> NO_CONTRACT
[1492/1752] SG1T06929205 -> NO_CONTRACT
[1493/1752] SG1T58930911 -> HISTORICAL_OK SMART rows=90 selected=
[1494/1752] SG1T74931364 -> NO_CONTRACT
[1495/1752] SG1T75931496 -> HISTORICAL_OK SMART rows=90 selected=
[1496/1752] SG1U27933225 -> NO_CONTRACT
[1497/1752] SG1V12936232 -> HISTORICAL_OK SMART rows=90 selected=
[1498/1752] SG1Y45946619 -> NO_CONTRACT
[1499/1752] SG2B89959318 -> NO_CONTRACT
[1500/1752] SG2C32962814 -> NO_CONTRACT
[1501/1752] SG2C90967473 -> NO_CONTRACT
[1502/1752] SG2D00968206 -> HISTORICAL_OK SMART rows=90 selected=
[1503/1752] SG2D18969584 -> NO_CONTRACT
[1504/1752] SG2E67980267 -> NO_CONTRACT
[1505/1752] SG2F24986083 -> NO_CONTRACT
[1506/1752] SG2F25986140 -> NO_CONTRACT
[1507/1752] SG2G04994999 -> NO_CONTRACT
[1508/1752] SG2G55000001 -> NO_CONTRACT
[1509/1752] SGXE65760014 -> NO_CONTRACT
[1510/1752] SGXZ33675836 -> NO_CONTRACT
[1511/1752] SUBKOR201102 -> NO_CONTRACT
[1512/1752] SUBONXEO2103 -> NO_CONTRACT
[1513/1752] SUBSAV211025 -> NO_CONTRACT
[1514/1752] TE7XH2603117 -> NO_CONTRACT
[1515/1752] TE9Y12505062 -> NO_CONTRACT
[1516/1752] TEEUR2404094 -> NO_CONTRACT
[1517/1752] TEGAC1505023 -> NO_CONTRACT
[1518/1752] TENAGA211027 -> NO_CONTRACT
[1519/1752] TENGCO251201 -> NO_CONTRACT
[1520/1752] TENIIA220231 -> NO_CONTRACT
[1521/1752] TH0148A10Z14 -> NO_CONTRACT
[1522/1752] TH0268010Z11 -> HISTORICAL_OK SMART rows=90 selected=
[1523/1752] TH0418G10Z11 -> NO_CONTRACT
[1524/1752] TH0471010Y12 -> HISTORICAL_OK SMART rows=90 selected=
[1525/1752] TH0765010R16 -> HISTORICAL_OK SMART rows=90 selected=
[1526/1752] TH0961010Y12 -> HISTORICAL_OK SMART rows=90 selected=
[1527/1752] TH6999010015 -> NO_CONTRACT
[1528/1752] TRFPTN260174 -> NO_CONTRACT
[1529/1752] US00832E1038 -> NO_CONTRACT
[1530/1752] US0215131063 -> NO_QUOTES  rows=0 selected=
[1531/1752] US02156K1034 -> NO_QUOTES  rows=0 selected=
[1532/1752] US0226711010 -> NO_QUOTES  rows=0 selected=
[1533/1752] US0234361089 -> NO_CONTRACT
[1534/1752] US03152W1099 -> NO_CONTRACT
[1535/1752] US03662Q1058 -> NO_CONTRACT
[1536/1752] US03743Q1085 -> NO_QUOTES  rows=0 selected=
[1537/1752] US03748R7474 -> NO_QUOTES  rows=0 selected=
[1538/1752] US03753U1060 -> NO_CONTRACT
[1539/1752] US03769M1062 -> NO_QUOTES  rows=0 selected=
[1540/1752] US04216R1023 -> NO_QUOTES  rows=0 selected=
[1541/1752] US05350V1061 -> NO_CONTRACT
[1542/1752] US05501U6010 -> NO_QUOTES  rows=0 selected=
[1543/1752] US05968L1026 -> NO_QUOTES  rows=0 selected=
[1544/1752] US0640581007 -> NO_QUOTES  rows=0 selected=
[1545/1752] US07134L1070 -> NO_QUOTES  rows=0 selected=
[1546/1752] US0736851090 -> NO_CONTRACT
[1547/1752] US07373B1098 -> NO_QUOTES  rows=0 selected=
[1548/1752] US07725LCNV5 -> NO_CONTRACT
[1549/1752] US07831C1036 -> NO_QUOTES  rows=0 selected=
[1550/1752] US08579X1019 -> NO_CONTRACT
[1551/1752] US0885792061 -> NO_QUOTES  rows=0 selected=
[1552/1752] US08862E1091 -> NO_CONTRACT
[1553/1752] US08975P1084 -> NO_QUOTES  rows=0 selected=
[1554/1752] US10948W1036 -> NO_QUOTES  rows=0 selected=
[1555/1752] US10949T1097 -> NO_QUOTES  rows=0 selected=
[1556/1752] US11135E2037 -> NO_QUOTES  rows=0 selected=
[1557/1752] US12008R1077 -> NO_QUOTES  rows=0 selected=
[1558/1752] US14174T1079 -> NO_QUOTES  rows=0 selected=
[1559/1752] US14817C1071 -> NO_QUOTES  rows=0 selected=
[1560/1752] US15117F8804 -> NO_QUOTES  rows=0 selected=
[1561/1752] US15117N7012 -> NO_QUOTES  rows=0 selected=
[1562/1752] US1523091007 -> NO_CONTRACT
[1563/1752] US1628282063 -> NO_CONTRACT
[1564/1752] US1785871013 -> NO_CONTRACT
[1565/1752] US1850632035 -> NO_CONTRACT
[1566/1752] US18539C1053 -> NO_CONTRACT
[1567/1752] US1940145022 -> HISTORICAL_OK SMART rows=53 selected=
[1568/1752] US2053061030 -> NO_CONTRACT
[1569/1752] US2244411052 -> NO_QUOTES  rows=0 selected=
[1570/1752] US2267181046 -> NO_CONTRACT
[1571/1752] US2274831047 -> NO_CONTRACT
[1572/1752] US2310828015 -> NO_QUOTES  rows=0 selected=
[1573/1752] US2394671034 -> NO_QUOTES  rows=0 selected=
[1574/1752] US2439931518 -> NO_CONTRACT
[1575/1752] US24661P8077 -> NO_QUOTES  rows=0 selected=
[1576/1752] US2505651081 -> NO_QUOTES  rows=0 selected=
[1577/1752] US25264R2076 -> NO_CONTRACT
[1578/1752] US2589917515 -> NO_CONTRACT
[1579/1752] US2855121099 -> NO_CONTRACT
[1580/1752] US28618M1062 -> NO_QUOTES  rows=0 selected=
[1581/1752] US29082A1079 -> NO_QUOTES  rows=0 selected=
[1582/1752] US29103W1045 -> NO_CONTRACT
[1583/1752] US29332G1022 -> NO_CONTRACT
[1584/1752] US2941001024 -> NO_CONTRACT
[1585/1752] US29452E1010 -> HISTORICAL_OK SMART rows=39 selected=
[1586/1752] US29664W1053 -> NO_CONTRACT
[1587/1752] US29975E1091 -> NO_CONTRACT
[1588/1752] US30233Q1085 -> NO_QUOTES  rows=0 selected=
[1589/1752] US30258N1054 -> NO_CONTRACT
[1590/1752] US3076751086 -> NO_CONTRACT
[1591/1752] US3143521058 -> NO_QUOTES  rows=0 selected=
[1592/1752] US31572Q8814 -> NO_QUOTES  rows=0 selected=
[1593/1752] US3167731005 -> NO_QUOTES  rows=0 selected=
[1594/1752] US31810T1016 -> NO_QUOTES  rows=0 selected=
[1595/1752] US32026V1044 -> NO_CONTRACT
[1596/1752] US33733E7325 -> NO_QUOTES  rows=0 selected=
[1597/1752] US3438731057 -> NO_CONTRACT
[1598/1752] US3444374058 -> NO_CONTRACT
[1599/1752] US3498624093 -> NO_CONTRACT
[1600/1752] US36251C1036 -> NO_CONTRACT
[1601/1752] US36315XCNV9 -> NO_CONTRACT
[1602/1752] US36317J2096 -> NO_QUOTES  rows=0 selected=
[1603/1752] US36467X2062 -> NO_QUOTES  rows=0 selected=
[1604/1752] US3665051054 -> NO_QUOTES  rows=0 selected=
[1605/1752] US36872P1030 -> NO_QUOTES  rows=0 selected=
[1606/1752] US37733W2044 -> HISTORICAL_OK SMART rows=55 selected=
[1607/1752] US3810131017 -> NO_CONTRACT
[1608/1752] US38747T6414 -> NO_QUOTES  rows=0 selected=
[1609/1752] US3927091013 -> HISTORICAL_OK SMART rows=48 selected=
[1610/1752] US4016171054 -> NO_CONTRACT
[1611/1752] US40432G2075 -> HISTORICAL_OK SMART rows=24 selected=
[1612/1752] US41165Y1001 -> NO_CONTRACT
[1613/1752] US4158641070 -> NO_CONTRACT
[1614/1752] US42809H1077 -> NO_CONTRACT
[1615/1752] US4315711089 -> NO_CONTRACT
[1616/1752] US4334062043 -> NO_CONTRACT
[1617/1752] US45674E2081 -> HISTORICAL_OK SMART rows=13 selected=
[1618/1752] US4606901001 -> NO_CONTRACT
[1619/1752] US47074L1052 -> NO_CONTRACT
[1620/1752] US4778391049 -> NO_QUOTES  rows=0 selected=
[1621/1752] US48203R1041 -> NO_CONTRACT
[1622/1752] US48253L2051 -> NO_QUOTES  rows=0 selected=
[1623/1752] US4834971032 -> NO_CONTRACT
[1624/1752] US48581R2058 -> HISTORICAL_OK SMART rows=90 selected=
[1625/1752] US48662X1054 -> NO_QUOTES  rows=0 selected=
[1626/1752] US4884452065 -> NO_QUOTES  rows=0 selected=
[1627/1752] US4893981070 -> NO_CONTRACT
[1628/1752] US49427F7024 -> NO_CONTRACT
[1629/1752] US5128073062 -> HISTORICAL_OK SMART rows=90 selected=
[1630/1752] US51509P1030 -> NO_CONTRACT
[1631/1752] US5168062058 -> NO_CONTRACT
[1632/1752] US5312297550 -> NO_QUOTES  rows=0 selected=
[1633/1752] US53224K3023 -> NO_QUOTES  rows=0 selected=
[1634/1752] US5526901096 -> NO_QUOTES  rows=0 selected=
[1635/1752] US57777K1060 -> NO_QUOTES  rows=0 selected=
[1636/1752] US58039P3055 -> NO_QUOTES  rows=0 selected=
[1637/1752] US5949603048 -> NO_CONTRACT
[1638/1752] US6074091090 -> NO_CONTRACT
[1639/1752] US6103351010 -> NO_CONTRACT
[1640/1752] US6378701063 -> NO_CONTRACT
[1641/1752] US65441V1017 -> NO_CONTRACT
[1642/1752] US6556641008 -> NO_CONTRACT
[1643/1752] US6757466064 -> NO_QUOTES  rows=0 selected=
[1644/1752] US6761182012 -> HISTORICAL_OK SMART rows=78 selected=
[1645/1752] US6795801009 -> NO_QUOTES  rows=0 selected=
[1646/1752] US68235B2088 -> NO_CONTRACT
[1647/1752] US68236H2040 -> NO_QUOTES  rows=0 selected=
[1648/1752] US68404L2016 -> HISTORICAL_OK SMART rows=65 selected=
[1649/1752] US6915438476 -> HISTORICAL_OK SMART rows=92 selected=
[1650/1752] US6936561009 -> HISTORICAL_OK SMART rows=77 selected=
[1651/1752] US69478X1054 -> NO_CONTRACT
[1652/1752] US69913P1057 -> NO_CONTRACT
[1653/1752] US69932A2042 -> NO_QUOTES  rows=0 selected=
[1654/1752] US7002153044 -> NO_QUOTES  rows=0 selected=
[1655/1752] US70532Y4026 -> NO_QUOTES  rows=0 selected=
[1656/1752] US72346Q1040 -> NO_CONTRACT
[1657/1752] US73754Y1001 -> NO_CONTRACT
[1658/1752] US73931J1097 -> NO_QUOTES  rows=0 selected=
[1659/1752] US74167B1098 -> NO_QUOTES  rows=0 selected=
[1660/1752] US74267C1062 -> NO_CONTRACT
[1661/1752] US74319R1014 -> NO_QUOTES  rows=0 selected=
[1662/1752] US74768A1043 -> NO_QUOTES  rows=0 selected=
[1663/1752] US74915M3088 -> NO_CONTRACT
[1664/1752] US75737F1084 -> NO_CONTRACT
[1665/1752] US75915K3095 -> NO_CONTRACT
[1666/1752] US7610251057 -> NO_QUOTES  rows=0 selected=
[1667/1752] US7616921026 -> NO_CONTRACT
[1668/1752] US78392B1070 -> NO_QUOTES  rows=0 selected=
[1669/1752] US78440X8873 -> HISTORICAL_OK SMART rows=87 selected=
[1670/1752] US7960502018 -> NO_QUOTES  rows=0 selected=
[1671/1752] US8068821060 -> NO_CONTRACT
[1672/1752] US80874P1093 -> NO_QUOTES  rows=0 selected=
[1673/1752] US8112923094 -> NO_QUOTES  rows=0 selected=
[1674/1752] US81282V1008 -> NO_QUOTES  rows=0 selected=
[1675/1752] US8166452040 -> HISTORICAL_OK SMART rows=15 selected=
[1676/1752] US81684M1045 -> NO_CONTRACT
[1677/1752] US81727U3032 -> HISTORICAL_OK SMART rows=52 selected=
[1678/1752] US81750R2013 -> HISTORICAL_OK SMART rows=29 selected=
[1679/1752] US8305661055 -> NO_CONTRACT
[1680/1752] US8342033094 -> NO_CONTRACT
[1681/1752] US8438783073 -> NO_CONTRACT
[1682/1752] US84615Q1031 -> NO_QUOTES  rows=0 selected=
[1683/1752] US8472151005 -> NO_CONTRACT
[1684/1752] US8485741099 -> NO_CONTRACT
[1685/1752] US85256A1097 -> NO_QUOTES  rows=0 selected=
[1686/1752] US85423F3047 -> NO_QUOTES  rows=0 selected=
[1687/1752] US8581552036 -> NO_CONTRACT
[1688/1752] US85859N3008 -> NO_QUOTES  rows=0 selected=
[1689/1752] US8589271068 -> NO_CONTRACT
[1690/1752] US86745K1043 -> NO_CONTRACT
[1691/1752] US8681681057 -> NO_CONTRACT
[1692/1752] US86882L2043 -> NO_QUOTES  rows=0 selected=
[1693/1752] US87161C5013 -> NO_CONTRACT
[1694/1752] US87318A1016 -> NO_QUOTES  rows=0 selected=
[1695/1752] US87724P1066 -> NO_CONTRACT
[1696/1752] US8808811074 -> NO_CONTRACT
[1697/1752] US88362T1034 -> NO_CONTRACT
[1698/1752] US88521L5049 -> NO_QUOTES  rows=0 selected=
[1699/1752] US88654Q1067 -> NO_QUOTES  rows=0 selected=
[1700/1752] US89055F1030 -> NO_CONTRACT
[1701/1752] US89469A1043 -> NO_CONTRACT
[1702/1752] US89785L1070 -> NO_CONTRACT
[1703/1752] US9026851066 -> NO_CONTRACT
[1704/1752] US90471B1061 -> NO_QUOTES  rows=0 selected=
[1705/1752] US9092143067 -> HISTORICAL_OK SMART rows=82 selected=
[1706/1752] US9114601035 -> NO_CONTRACT
[1707/1752] US91829F1049 -> NO_CONTRACT
[1708/1752] US9234511080 -> NO_CONTRACT
[1709/1752] US92828Q1094 -> NO_QUOTES  rows=0 selected=
[1710/1752] US92854B1098 -> NO_QUOTES  rows=0 selected=
[1711/1752] US931CVR0133 -> NO_CONTRACT
[1712/1752] US9344231041 -> NO_QUOTES  rows=0 selected=
[1713/1752] US96758W1018 -> NO_CONTRACT
[1714/1752] US97785W1062 -> HISTORICAL_OK SMART rows=92 selected=
[1715/1752] US98888T1079 -> NO_CONTRACT
[1716/1752] US98985Y1082 -> NO_QUOTES  rows=0 selected=
[1717/1752] USU8884H1033 -> NO_QUOTES  rows=0 selected=
[1718/1752] VGG0103J1075 -> NO_QUOTES  rows=0 selected=
[1719/1752] VGG017351021 -> NO_QUOTES  rows=0 selected=
[1720/1752] VGG225641015 -> NO_QUOTES  rows=0 selected=
[1721/1752] VGG2921V1067 -> NO_CONTRACT
[1722/1752] VGG3036T1012 -> NO_QUOTES  rows=0 selected=
[1723/1752] XS2771642134 -> NO_QUOTES  rows=0 selected=
[1724/1752] XS3299465412 -> NO_QUOTES  rows=0 selected=
[1725/1752] XS3337374261 -> NO_QUOTES  rows=0 selected=
[1726/1752] ZAE000004875 -> HISTORICAL_OK SMART rows=90 selected=
[1727/1752] ZAE000005153 -> HISTORICAL_OK SMART rows=90 selected=
[1728/1752] ZAE000005443 -> NO_CONTRACT
[1729/1752] ZAE000009932 -> NO_CONTRACT
[1730/1752] ZAE000017745 -> NO_CONTRACT
[1731/1752] ZAE000024501 -> NO_CONTRACT
[1732/1752] ZAE000026480 -> NO_CONTRACT
[1733/1752] ZAE000029773 -> NO_CONTRACT
[1734/1752] ZAE000054045 -> HISTORICAL_OK SMART rows=90 selected=
[1735/1752] ZAE000057428 -> NO_CONTRACT
[1736/1752] ZAE000060000 -> NO_CONTRACT
[1737/1752] ZAE000066304 -> HISTORICAL_OK SMART rows=90 selected=
[1738/1752] ZAE000070660 -> HISTORICAL_OK SMART rows=90 selected=
[1739/1752] ZAE000079711 -> NO_CONTRACT
[1740/1752] ZAE000084992 -> HISTORICAL_OK SMART rows=90 selected=
[1741/1752] ZAE000090692 -> NO_CONTRACT
[1742/1752] ZAE000093183 -> NO_CONTRACT
[1743/1752] ZAE000109815 -> HISTORICAL_OK SMART rows=90 selected=
[1744/1752] ZAE000132577 -> HISTORICAL_OK SMART rows=90 selected=
[1745/1752] ZAE000134961 -> HISTORICAL_OK SMART rows=90 selected=
[1746/1752] ZAE000161832 -> NO_CONTRACT
[1747/1752] ZAE000191342 -> NO_CONTRACT
[1748/1752] ZAE000202149 -> NO_CONTRACT
[1749/1752] ZAE000202610 -> NO_CONTRACT
[1750/1752] ZAE000255360 -> HISTORICAL_OK SMART rows=90 selected=
[1751/1752] ZAE000282356 -> NO_CONTRACT
[1752/1752] ZAE000322095 -> NO_CONTRACT
Results written to K:\QT-Projekte\ShareSelector\best_strategies\missing_ibkr_history_probe_results.csv
